Component: ARM Compiler 5.05 update 2 (build 169) Tool: armlink [4d0f33]

==============================================================================

Section Cross References

    startup_stm32f411xe.o(RESET) refers to startup_stm32f411xe.o(STACK) for __initial_sp
    startup_stm32f411xe.o(RESET) refers to startup_stm32f411xe.o(.text) for Reset_Handler
    startup_stm32f411xe.o(RESET) refers to stm32f4xx_it.o(i.NMI_Handler) for NMI_Handler
    startup_stm32f411xe.o(RESET) refers to stm32f4xx_it.o(i.HardFault_Handler) for HardFault_Handler
    startup_stm32f411xe.o(RESET) refers to stm32f4xx_it.o(i.MemManage_Handler) for MemManage_Handler
    startup_stm32f411xe.o(RESET) refers to stm32f4xx_it.o(i.BusFault_Handler) for BusFault_Handler
    startup_stm32f411xe.o(RESET) refers to stm32f4xx_it.o(i.UsageFault_Handler) for UsageFault_Handler
    startup_stm32f411xe.o(RESET) refers to stm32f4xx_it.o(i.SVC_Handler) for SVC_Handler
    startup_stm32f411xe.o(RESET) refers to stm32f4xx_it.o(i.DebugMon_Handler) for DebugMon_Handler
    startup_stm32f411xe.o(RESET) refers to stm32f4xx_it.o(i.PendSV_Handler) for PendSV_Handler
    startup_stm32f411xe.o(RESET) refers to stm32f4xx_it.o(i.SysTick_Handler) for SysTick_Handler
    startup_stm32f411xe.o(RESET) refers to stm32f4xx_it.o(i.EXTI9_5_IRQHandler) for EXTI9_5_IRQHandler
    startup_stm32f411xe.o(.text) refers to system_stm32f4xx.o(i.SystemInit) for SystemInit
    startup_stm32f411xe.o(.text) refers to entry.o(.ARM.Collect$$$$00000000) for __main
    stm32f4xx_nucleo.o(i.ADCx_Init) refers to stm32f4xx_hal_adc.o(i.HAL_ADC_GetState) for HAL_ADC_GetState
    stm32f4xx_nucleo.o(i.ADCx_Init) refers to stm32f4xx_hal_gpio.o(i.HAL_GPIO_Init) for HAL_GPIO_Init
    stm32f4xx_nucleo.o(i.ADCx_Init) refers to stm32f4xx_hal_adc.o(i.HAL_ADC_Init) for HAL_ADC_Init
    stm32f4xx_nucleo.o(i.ADCx_Init) refers to stm32f4xx_nucleo.o(.bss) for .bss
    stm32f4xx_nucleo.o(i.BSP_JOY_DeInit) refers to stm32f4xx_hal_adc.o(i.HAL_ADC_DeInit) for HAL_ADC_DeInit
    stm32f4xx_nucleo.o(i.BSP_JOY_DeInit) refers to stm32f4xx_hal_gpio.o(i.HAL_GPIO_DeInit) for HAL_GPIO_DeInit
    stm32f4xx_nucleo.o(i.BSP_JOY_DeInit) refers to stm32f4xx_nucleo.o(.bss) for .bss
    stm32f4xx_nucleo.o(i.BSP_JOY_GetState) refers to stm32f4xx_hal_adc.o(i.HAL_ADC_Start) for HAL_ADC_Start
    stm32f4xx_nucleo.o(i.BSP_JOY_GetState) refers to stm32f4xx_hal_adc.o(i.HAL_ADC_PollForConversion) for HAL_ADC_PollForConversion
    stm32f4xx_nucleo.o(i.BSP_JOY_GetState) refers to stm32f4xx_hal_adc.o(i.HAL_ADC_GetState) for HAL_ADC_GetState
    stm32f4xx_nucleo.o(i.BSP_JOY_GetState) refers to stm32f4xx_hal_adc.o(i.HAL_ADC_GetValue) for HAL_ADC_GetValue
    stm32f4xx_nucleo.o(i.BSP_JOY_GetState) refers to stm32f4xx_nucleo.o(.bss) for .bss
    stm32f4xx_nucleo.o(i.BSP_JOY_Init) refers to stm32f4xx_nucleo.o(i.ADCx_Init) for ADCx_Init
    stm32f4xx_nucleo.o(i.BSP_JOY_Init) refers to stm32f4xx_hal_adc.o(i.HAL_ADC_ConfigChannel) for HAL_ADC_ConfigChannel
    stm32f4xx_nucleo.o(i.BSP_JOY_Init) refers to stm32f4xx_nucleo.o(.bss) for .bss
    stm32f4xx_nucleo.o(i.BSP_LED_DeInit) refers to stm32f4xx_hal_gpio.o(i.HAL_GPIO_WritePin) for HAL_GPIO_WritePin
    stm32f4xx_nucleo.o(i.BSP_LED_DeInit) refers to stm32f4xx_hal_gpio.o(i.HAL_GPIO_DeInit) for HAL_GPIO_DeInit
    stm32f4xx_nucleo.o(i.BSP_LED_DeInit) refers to stm32f4xx_nucleo.o(.constdata) for .constdata
    stm32f4xx_nucleo.o(i.BSP_LED_DeInit) refers to stm32f4xx_nucleo.o(.data) for .data
    stm32f4xx_nucleo.o(i.BSP_LED_Init) refers to stm32f4xx_hal_gpio.o(i.HAL_GPIO_Init) for HAL_GPIO_Init
    stm32f4xx_nucleo.o(i.BSP_LED_Init) refers to stm32f4xx_hal_gpio.o(i.HAL_GPIO_WritePin) for HAL_GPIO_WritePin
    stm32f4xx_nucleo.o(i.BSP_LED_Init) refers to stm32f4xx_nucleo.o(.constdata) for .constdata
    stm32f4xx_nucleo.o(i.BSP_LED_Init) refers to stm32f4xx_nucleo.o(.data) for .data
    stm32f4xx_nucleo.o(i.BSP_LED_Off) refers to stm32f4xx_hal_gpio.o(i.HAL_GPIO_WritePin) for HAL_GPIO_WritePin
    stm32f4xx_nucleo.o(i.BSP_LED_Off) refers to stm32f4xx_nucleo.o(.constdata) for .constdata
    stm32f4xx_nucleo.o(i.BSP_LED_Off) refers to stm32f4xx_nucleo.o(.data) for .data
    stm32f4xx_nucleo.o(i.BSP_LED_On) refers to stm32f4xx_hal_gpio.o(i.HAL_GPIO_WritePin) for HAL_GPIO_WritePin
    stm32f4xx_nucleo.o(i.BSP_LED_On) refers to stm32f4xx_nucleo.o(.constdata) for .constdata
    stm32f4xx_nucleo.o(i.BSP_LED_On) refers to stm32f4xx_nucleo.o(.data) for .data
    stm32f4xx_nucleo.o(i.BSP_LED_Toggle) refers to stm32f4xx_hal_gpio.o(i.HAL_GPIO_TogglePin) for HAL_GPIO_TogglePin
    stm32f4xx_nucleo.o(i.BSP_LED_Toggle) refers to stm32f4xx_nucleo.o(.constdata) for .constdata
    stm32f4xx_nucleo.o(i.BSP_LED_Toggle) refers to stm32f4xx_nucleo.o(.data) for .data
    stm32f4xx_nucleo.o(i.BSP_PB_DeInit) refers to stm32f4xx_hal_cortex.o(i.HAL_NVIC_DisableIRQ) for HAL_NVIC_DisableIRQ
[...]
    Removing stm32f4xx_hal_rcc_ex.o(.revsh_text), (4 bytes).
    Removing stm32f4xx_hal_rcc_ex.o(i.HAL_RCCEx_GetPeriphCLKConfig), (104 bytes).
    Removing stm32f4xx_hal_rcc_ex.o(i.HAL_RCCEx_PeriphCLKConfig), (360 bytes).
    Removing stm32f4xx_hal_rcc_ex.o(i.HAL_RCCEx_SelectLSEMode), (28 bytes).
    Removing stm32f4xx_hal_rcc_ex.o(i.HAL_RCC_DeInit), (100 bytes).
    Removing stm32f4xx_hal_uart.o(.rev16_text), (4 bytes).
    Removing stm32f4xx_hal_uart.o(.revsh_text), (4 bytes).
    Removing stm32f4xx_hal_uart.o(i.HAL_HalfDuplex_EnableReceiver), (50 bytes).
    Removing stm32f4xx_hal_uart.o(i.HAL_HalfDuplex_EnableTransmitter), (50 bytes).
    Removing stm32f4xx_hal_uart.o(i.HAL_HalfDuplex_Init), (108 bytes).
    Removing stm32f4xx_hal_uart.o(i.HAL_LIN_Init), (128 bytes).
    Removing stm32f4xx_hal_uart.o(i.HAL_LIN_SendBreak), (46 bytes).
    Removing stm32f4xx_hal_uart.o(i.HAL_MultiProcessor_EnterMuteMode), (46 bytes).
    Removing stm32f4xx_hal_uart.o(i.HAL_MultiProcessor_ExitMuteMode), (46 bytes).
    Removing stm32f4xx_hal_uart.o(i.HAL_MultiProcessor_Init), (142 bytes).
    Removing stm32f4xx_hal_uart.o(i.HAL_UART_DMAPause), (102 bytes).
    Removing stm32f4xx_hal_uart.o(i.HAL_UART_DMAResume), (94 bytes).
    Removing stm32f4xx_hal_uart.o(i.HAL_UART_DMAStop), (88 bytes).
    Removing stm32f4xx_hal_uart.o(i.HAL_UART_DeInit), (40 bytes).
    Removing stm32f4xx_hal_uart.o(i.HAL_UART_ErrorCallback), (2 bytes).
    Removing stm32f4xx_hal_uart.o(i.HAL_UART_GetError), (4 bytes).
    Removing stm32f4xx_hal_uart.o(i.HAL_UART_GetState), (10 bytes).
    Removing stm32f4xx_hal_uart.o(i.HAL_UART_IRQHandler), (272 bytes).
    Removing stm32f4xx_hal_uart.o(i.HAL_UART_MspDeInit), (2 bytes).
    Removing stm32f4xx_hal_uart.o(i.HAL_UART_MspInit), (2 bytes).
    Removing stm32f4xx_hal_uart.o(i.HAL_UART_Receive), (186 bytes).
    Removing stm32f4xx_hal_uart.o(i.HAL_UART_Receive_DMA), (144 bytes).
    Removing stm32f4xx_hal_uart.o(i.HAL_UART_Receive_IT), (72 bytes).
    Removing stm32f4xx_hal_uart.o(i.HAL_UART_RxCpltCallback), (2 bytes).
    Removing stm32f4xx_hal_uart.o(i.HAL_UART_RxHalfCpltCallback), (2 bytes).
    Removing stm32f4xx_hal_uart.o(i.HAL_UART_Transmit_DMA), (128 bytes).
    Removing stm32f4xx_hal_uart.o(i.HAL_UART_Transmit_IT), (62 bytes).
    Removing stm32f4xx_hal_uart.o(i.HAL_UART_TxCpltCallback), (2 bytes).
    Removing stm32f4xx_hal_uart.o(i.HAL_UART_TxHalfCpltCallback), (2 bytes).
    Removing stm32f4xx_hal_uart.o(i.UART_DMAAbortOnError), (16 bytes).
    Removing stm32f4xx_hal_uart.o(i.UART_DMAError), (74 bytes).
    Removing stm32f4xx_hal_uart.o(i.UART_DMAReceiveCplt), (60 bytes).
    Removing stm32f4xx_hal_uart.o(i.UART_DMARxHalfCplt), (10 bytes).
    Removing stm32f4xx_hal_uart.o(i.UART_DMATransmitCplt), (46 bytes).
    Removing stm32f4xx_hal_uart.o(i.UART_DMATxHalfCplt), (10 bytes).
    Removing stm32f4xx_hal_uart.o(i.UART_EndRxTransfer), (28 bytes).
    Removing stm32f4xx_hal_uart.o(i.UART_EndTxTransfer), (18 bytes).
    Removing stm32f4xx_hal_uart.o(i.UART_Receive_IT), (140 bytes).
    Removing stm32f4xx_hal_uart.o(i.UART_Transmit_IT), (98 bytes).
    Removing stm32f4xx_hal_flash_ex.o(.rev16_text), (4 bytes).
    Removing stm32f4xx_hal_flash_ex.o(.revsh_text), (4 bytes).
    Removing stm32f4xx_hal_flash_ex.o(i.FLASH_Erase_Sector), (88 bytes).
    Removing stm32f4xx_hal_flash_ex.o(i.FLASH_FlushCaches), (84 bytes).
    Removing stm32f4xx_hal_flash_ex.o(i.FLASH_MassErase), (40 bytes).
    Removing stm32f4xx_hal_flash_ex.o(i.HAL_FLASHEx_AdvOBGetConfig), (12 bytes).
    Removing stm32f4xx_hal_flash_ex.o(i.HAL_FLASHEx_AdvOBProgram), (60 bytes).
    Removing stm32f4xx_hal_flash_ex.o(i.HAL_FLASHEx_Erase), (152 bytes).
    Removing stm32f4xx_hal_flash_ex.o(i.HAL_FLASHEx_Erase_IT), (104 bytes).
    Removing stm32f4xx_hal_flash_ex.o(i.HAL_FLASHEx_OBGetConfig), (64 bytes).
    Removing stm32f4xx_hal_flash_ex.o(i.HAL_FLASHEx_OBProgram), (204 bytes).
    Removing stm32f4xx_hal_flash_ex.o(i.HAL_FLASHEx_OB_DeSelectPCROP), (20 bytes).
    Removing stm32f4xx_hal_flash_ex.o(i.HAL_FLASHEx_OB_SelectPCROP), (24 bytes).
    Removing stm32f4xx_hal_spi.o(.rev16_text), (4 bytes).
    Removing stm32f4xx_hal_spi.o(.revsh_text), (4 bytes).
    Removing stm32f4xx_hal_spi.o(i.HAL_SPI_DMAPause), (38 bytes).
    Removing stm32f4xx_hal_spi.o(i.HAL_SPI_DMAResume), (38 bytes).
    Removing stm32f4xx_hal_spi.o(i.HAL_SPI_DMAStop), (40 bytes).
    Removing stm32f4xx_hal_spi.o(i.HAL_SPI_DeInit), (46 bytes).
    Removing stm32f4xx_hal_spi.o(i.HAL_SPI_ErrorCallback), (2 bytes).
    Removing stm32f4xx_hal_spi.o(i.HAL_SPI_GetError), (4 bytes).
    Removing stm32f4xx_hal_spi.o(i.HAL_SPI_GetState), (6 bytes).
    Removing stm32f4xx_hal_spi.o(i.HAL_SPI_IRQHandler), (212 bytes).
    Removing stm32f4xx_hal_spi.o(i.HAL_SPI_MspDeInit), (2 bytes).
    Removing stm32f4xx_hal_spi.o(i.HAL_SPI_MspInit), (2 bytes).
    Removing stm32f4xx_hal_spi.o(i.HAL_SPI_Receive), (498 bytes).
    Removing stm32f4xx_hal_spi.o(i.HAL_SPI_Receive_DMA), (244 bytes).
    Removing stm32f4xx_hal_spi.o(i.HAL_SPI_Receive_IT), (196 bytes).
    Removing stm32f4xx_hal_spi.o(i.HAL_SPI_RxCpltCallback), (2 bytes).
    Removing stm32f4xx_hal_spi.o(i.HAL_SPI_RxHalfCpltCallback), (2 bytes).
    Removing stm32f4xx_hal_spi.o(i.HAL_SPI_Transmit), (410 bytes).
    Removing stm32f4xx_hal_spi.o(i.HAL_SPI_TransmitReceive_DMA), (292 bytes).
    Removing stm32f4xx_hal_spi.o(i.HAL_SPI_TransmitReceive_IT), (196 bytes).
    Removing stm32f4xx_hal_spi.o(i.HAL_SPI_Transmit_DMA), (212 bytes).
    Removing stm32f4xx_hal_spi.o(i.HAL_SPI_Transmit_IT), (180 bytes).
    Removing stm32f4xx_hal_spi.o(i.HAL_SPI_TxCpltCallback), (2 bytes).
    Removing stm32f4xx_hal_spi.o(i.HAL_SPI_TxHalfCpltCallback), (2 bytes).
    Removing stm32f4xx_hal_spi.o(i.HAL_SPI_TxRxCpltCallback), (2 bytes).
    Removing stm32f4xx_hal_spi.o(i.HAL_SPI_TxRxHalfCpltCallback), (2 bytes).
    Removing stm32f4xx_hal_spi.o(i.SPI_2linesRxISR_16BIT), (64 bytes).
    Removing stm32f4xx_hal_spi.o(i.SPI_2linesRxISR_16BITCRC), (34 bytes).
    Removing stm32f4xx_hal_spi.o(i.SPI_2linesRxISR_8BIT), (64 bytes).
    Removing stm32f4xx_hal_spi.o(i.SPI_2linesRxISR_8BITCRC), (44 bytes).
    Removing stm32f4xx_hal_spi.o(i.SPI_2linesTxISR_16BIT), (74 bytes).
    Removing stm32f4xx_hal_spi.o(i.SPI_2linesTxISR_8BIT), (72 bytes).
    Removing stm32f4xx_hal_spi.o(i.SPI_CloseRxTx_ISR), (176 bytes).
    Removing stm32f4xx_hal_spi.o(i.SPI_CloseRx_ISR), (104 bytes).
    Removing stm32f4xx_hal_spi.o(i.SPI_CloseTx_ISR), (124 bytes).
    Removing stm32f4xx_hal_spi.o(i.SPI_DMAAbortOnError), (16 bytes).
    Removing stm32f4xx_hal_spi.o(i.SPI_DMAError), (34 bytes).
    Removing stm32f4xx_hal_spi.o(i.SPI_DMAHalfReceiveCplt), (10 bytes).
    Removing stm32f4xx_hal_spi.o(i.SPI_DMAHalfTransmitCplt), (10 bytes).
    Removing stm32f4xx_hal_spi.o(i.SPI_DMAHalfTransmitReceiveCplt), (10 bytes).
    Removing stm32f4xx_hal_spi.o(i.SPI_DMAReceiveCplt), (160 bytes).
    Removing stm32f4xx_hal_spi.o(i.SPI_DMATransmitCplt), (90 bytes).
    Removing stm32f4xx_hal_spi.o(i.SPI_DMATransmitReceiveCplt), (152 bytes).
    Removing stm32f4xx_hal_spi.o(i.SPI_RxISR_16BIT), (72 bytes).
    Removing stm32f4xx_hal_spi.o(i.SPI_RxISR_16BITCRC), (34 bytes).
    Removing stm32f4xx_hal_spi.o(i.SPI_RxISR_8BIT), (72 bytes).
    Removing stm32f4xx_hal_spi.o(i.SPI_RxISR_8BITCRC), (26 bytes).
    Removing stm32f4xx_hal_spi.o(i.SPI_TxISR_16BIT), (50 bytes).
    Removing stm32f4xx_hal_spi.o(i.SPI_TxISR_8BIT), (48 bytes).
    Removing stm32f4xx_hal_pwr_ex.o(.rev16_text), (4 bytes).
    Removing stm32f4xx_hal_pwr_ex.o(.revsh_text), (4 bytes).
    Removing stm32f4xx_hal_pwr_ex.o(i.HAL_PWREx_ControlVoltageScaling), (176 bytes).
    Removing stm32f4xx_hal_pwr_ex.o(i.HAL_PWREx_DisableBkUpReg), (76 bytes).
    Removing stm32f4xx_hal_pwr_ex.o(i.HAL_PWREx_DisableFlashPowerDown), (28 bytes).
    Removing stm32f4xx_hal_pwr_ex.o(i.HAL_PWREx_DisableLowRegulatorLowVoltage), (28 bytes).
    Removing stm32f4xx_hal_pwr_ex.o(i.HAL_PWREx_DisableMainRegulatorLowVoltage), (28 bytes).
    Removing stm32f4xx_hal_pwr_ex.o(i.HAL_PWREx_EnableBkUpReg), (76 bytes).
    Removing stm32f4xx_hal_pwr_ex.o(i.HAL_PWREx_EnableFlashPowerDown), (24 bytes).
    Removing stm32f4xx_hal_pwr_ex.o(i.HAL_PWREx_EnableLowRegulatorLowVoltage), (24 bytes).
    Removing stm32f4xx_hal_pwr_ex.o(i.HAL_PWREx_EnableMainRegulatorLowVoltage), (24 bytes).
    Removing stm32f4xx_hal_pwr_ex.o(i.HAL_PWREx_GetVoltageRange), (16 bytes).
    Removing main.o(.rev16_text), (4 bytes).
    Removing main.o(.revsh_text), (4 bytes).
    Removing main.o(i.delay_init), (20 bytes).
    Removing main.o(.data), (1 bytes).
    Removing init_wifi_module.o(.rev16_text), (4 bytes).
    Removing init_wifi_module.o(.revsh_text), (4 bytes).
    Removing stm32f4xx_hal_msp.o(.rev16_text), (4 bytes).
    Removing stm32f4xx_hal_msp.o(.revsh_text), (4 bytes).
    Removing stm32f4xx_hal_msp.o(i.HAL_SPI_MspDeInit), (60 bytes).
    Removing stm32f4xx_hal_msp.o(i.HAL_UART_MspDeInit), (52 bytes).
    Removing stm32f4xx_it.o(.rev16_text), (4 bytes).
    Removing stm32f4xx_it.o(.revsh_text), (4 bytes).
    Removing system_stm32f4xx.o(.rev16_text), (4 bytes).
    Removing system_stm32f4xx.o(.revsh_text), (4 bytes).
    Removing system_stm32f4xx.o(i.SystemCoreClockUpdate), (124 bytes).
    Removing rak_config_init.o(.rev16_text), (4 bytes).
    Removing rak_config_init.o(.revsh_text), (4 bytes).
    Removing rak_config_init.o(i.rak_asciiDotAddressTo4Bytes), (92 bytes).
    Removing rak_config_init.o(i.rak_bytes4RToUint32), (22 bytes).
    Removing rak_config_init.o(i.rak_bytes4ToUint32), (22 bytes).
    Removing rak_spi_apconfig.o(.rev16_text), (4 bytes).
    Removing rak_spi_apconfig.o(.revsh_text), (4 bytes).
    Removing rak_spi_apconfig.o(i.rak_apconfig), (20 bytes).
    Removing rak_spi_auto_connect.o(.rev16_text), (4 bytes).
    Removing rak_spi_auto_connect.o(.revsh_text), (4 bytes).
    Removing rak_spi_auto_connect.o(i.rak_auto_connect), (18 bytes).
    Removing rak_spi_channel.o(.rev16_text), (4 bytes).
    Removing rak_spi_channel.o(.revsh_text), (4 bytes).
    Removing rak_spi_channel.o(i.rak_set_channel), (20 bytes).
    Removing rak_spi_connect.o(.rev16_text), (4 bytes).
    Removing rak_spi_connect.o(.revsh_text), (4 bytes).
    Removing rak_spi_disconnect.o(.rev16_text), (4 bytes).
    Removing rak_spi_disconnect.o(.revsh_text), (4 bytes).
    Removing rak_spi_disconnect.o(i.rak_disconnect), (18 bytes).
    Removing rak_spi_easy_config.o(.rev16_text), (4 bytes).
    Removing rak_spi_easy_config.o(.revsh_text), (4 bytes).
    Removing rak_spi_easy_config.o(i.rak_easy_config), (18 bytes).
    Removing rak_spi_get_connect_status.o(.rev16_text), (4 bytes).
    Removing rak_spi_get_connect_status.o(.revsh_text), (4 bytes).
    Removing rak_spi_get_connect_status.o(i.rak_get_net_status), (18 bytes).
    Removing rak_spi_get_rssi.o(.rev16_text), (4 bytes).
    Removing rak_spi_get_rssi.o(.revsh_text), (4 bytes).
    Removing rak_spi_get_rssi.o(i.rak_get_rssi), (18 bytes).
    Removing rak_spi_get_storeconfig.o(.rev16_text), (4 bytes).
    Removing rak_spi_get_storeconfig.o(.revsh_text), (4 bytes).
    Removing rak_spi_get_storeconfig.o(i.rak_get_storeconfig), (18 bytes).
    Removing rak_spi_get_storeweb.o(.rev16_text), (4 bytes).
    Removing rak_spi_get_storeweb.o(.revsh_text), (4 bytes).
    Removing rak_spi_get_storeweb.o(i.rak_get_storeweb), (18 bytes).
    Removing rak_spi_get_tcps.o(.rev16_text), (4 bytes).
    Removing rak_spi_get_tcps.o(.revsh_text), (4 bytes).
    Removing rak_spi_get_tcps.o(i.rak_get_tcps), (22 bytes).
    Removing rak_spi_get_version.o(.rev16_text), (4 bytes).
    Removing rak_spi_get_version.o(.revsh_text), (4 bytes).
    Removing rak_spi_getscan.o(.rev16_text), (4 bytes).
    Removing rak_spi_getscan.o(.revsh_text), (4 bytes).
    Removing rak_spi_getscan.o(i.rak_getscan), (20 bytes).
    Removing rak_spi_interrupt.o(.rev16_text), (4 bytes).
    Removing rak_spi_interrupt.o(.revsh_text), (4 bytes).
    Removing rak_spi_interrupt.o(i.rak_checkRecvFullIrq), (20 bytes).
    Removing rak_spi_interrupt.o(i.rak_checkUpgradIrq), (24 bytes).
    Removing rak_spi_interrupt_handler.o(.rev16_text), (4 bytes).
    Removing rak_spi_interrupt_handler.o(.revsh_text), (4 bytes).
    Removing rak_spi_ipconfig_dhcp.o(.rev16_text), (4 bytes).
    Removing rak_spi_ipconfig_dhcp.o(.revsh_text), (4 bytes).
    Removing rak_spi_ipconfig_query.o(.rev16_text), (4 bytes).
    Removing rak_spi_ipconfig_query.o(.revsh_text), (4 bytes).
    Removing rak_spi_ipconfig_query.o(i.rak_ipconfig_query), (18 bytes).
    Removing rak_spi_open_socket.o(.rev16_text), (4 bytes).
    Removing rak_spi_open_socket.o(.revsh_text), (4 bytes).
    Removing rak_spi_ping.o(.rev16_text), (4 bytes).
    Removing rak_spi_ping.o(.revsh_text), (4 bytes).
    Removing rak_spi_ping.o(i.rak_ping), (20 bytes).
    Removing rak_spi_poll_read_data.o(.rev16_text), (4 bytes).
    Removing rak_spi_poll_read_data.o(.revsh_text), (4 bytes).
    Removing rak_spi_poll_read_data.o(i.rak_poll_data), (22 bytes).
    Removing rak_spi_poll_read_data.o(i.rak_poll_read_data), (24 bytes).
    Removing rak_spi_power_mode.o(.rev16_text), (4 bytes).
    Removing rak_spi_power_mode.o(.revsh_text), (4 bytes).
    Removing rak_spi_power_mode.o(i.rak_setpwrmode), (22 bytes).
    Removing rak_spi_psk.o(.rev16_text), (4 bytes).
    Removing rak_spi_psk.o(.revsh_text), (4 bytes).
    Removing rak_spi_query_dns.o(.rev16_text), (4 bytes).
    Removing rak_spi_query_dns.o(.revsh_text), (4 bytes).
    Removing rak_spi_query_dns.o(i.rak_query_dns), (20 bytes).
    Removing rak_spi_read_data.o(.rev16_text), (4 bytes).
    Removing rak_spi_read_data.o(.revsh_text), (4 bytes).
    Removing rak_spi_read_packet.o(.rev16_text), (4 bytes).
    Removing rak_spi_read_packet.o(.revsh_text), (4 bytes).
    Removing rak_spi_read_status.o(.rev16_text), (4 bytes).
    Removing rak_spi_read_status.o(.revsh_text), (4 bytes).
    Removing rak_spi_reset.o(.rev16_text), (4 bytes).
    Removing rak_spi_reset.o(.revsh_text), (4 bytes).
    Removing rak_spi_reset.o(i.rak_reset), (18 bytes).
    Removing rak_spi_scan.o(.rev16_text), (4 bytes).
    Removing rak_spi_scan.o(.revsh_text), (4 bytes).
    Removing rak_spi_scan.o(i.rak_uscan), (20 bytes).
    Removing rak_spi_send_data.o(.rev16_text), (4 bytes).
    Removing rak_spi_send_data.o(.revsh_text), (4 bytes).
    Removing rak_spi_set_funcbitmap.o(.rev16_text), (4 bytes).
    Removing rak_spi_set_funcbitmap.o(.revsh_text), (4 bytes).
    Removing rak_spi_set_funcbitmap.o(i.rak_set_funbitmap), (22 bytes).
    Removing rak_spi_set_ipstatic.o(.rev16_text), (4 bytes).
    Removing rak_spi_set_ipstatic.o(.revsh_text), (4 bytes).
    Removing rak_spi_set_listen.o(.rev16_text), (4 bytes).
    Removing rak_spi_set_listen.o(.revsh_text), (4 bytes).
    Removing rak_spi_set_listen.o(i.rak_set_listen), (20 bytes).
    Removing rak_spi_socket_close.o(.rev16_text), (4 bytes).
    Removing rak_spi_socket_close.o(.revsh_text), (4 bytes).
    Removing rak_spi_socket_close.o(i.rak_socket_close), (24 bytes).
    Removing rak_spi_start_web.o(.rev16_text), (4 bytes).
    Removing rak_spi_start_web.o(.revsh_text), (4 bytes).
    Removing rak_spi_start_web.o(i.rak_start_web), (18 bytes).
    Removing rak_spi_store_config.o(.rev16_text), (4 bytes).
    Removing rak_spi_store_config.o(.revsh_text), (4 bytes).
    Removing rak_spi_store_config.o(i.rak_store_config), (18 bytes).
    Removing rak_spi_store_data.o(.rev16_text), (4 bytes).
    Removing rak_spi_store_data.o(.revsh_text), (4 bytes).
    Removing rak_spi_store_data.o(i.rak_storeconfig_data), (20 bytes).
    Removing rak_spi_store_web.o(.rev16_text), (4 bytes).
    Removing rak_spi_store_web.o(.revsh_text), (4 bytes).
    Removing rak_spi_store_web.o(i.rak_store_web), (20 bytes).
    Removing rak_spi_sys_init.o(.rev16_text), (4 bytes).
    Removing rak_spi_sys_init.o(.revsh_text), (4 bytes).
    Removing rak_spi_wps.o(.rev16_text), (4 bytes).
    Removing rak_spi_wps.o(.revsh_text), (4 bytes).
    Removing rak_spi_wps.o(i.rak_wps), (18 bytes).
    Removing rak411_api.o(.rev16_text), (4 bytes).
    Removing rak411_api.o(.revsh_text), (4 bytes).
    Removing rak411_api.o(.bss), (117 bytes).
    Removing rak411_api.o(.data), (118 bytes).
    Removing rak411_api.o(.data), (4 bytes).
    Removing dadd.o(.text), (334 bytes).
    Removing dmul.o(.text), (228 bytes).
    Removing ddiv.o(.text), (222 bytes).
    Removing dfixul.o(.text), (48 bytes).
    Removing cdrcmple.o(.text), (48 bytes).
    Removing depilogue.o(.text), (186 bytes).

425 unused section(s) (total 24596 bytes) removed from the image.

==============================================================================

Image Symbol Table

    Local Symbols

    Symbol Name                              Value     Ov Type        Size  Object(Section)

    ../clib/microlib/ctype/ctype.c           0x00000000   Number         0  ctype_o.o ABSOLUTE
    ../clib/microlib/ctype/ctype.c           0x00000000   Number         0  isalnum_o.o ABSOLUTE
    ../clib/microlib/ctype/ctype.c           0x00000000   Number         0  isalpha_o.o ABSOLUTE
    ../clib/microlib/ctype/ctype.c           0x00000000   Number         0  isblank_o.o ABSOLUTE
    ../clib/microlib/ctype/ctype.c           0x00000000   Number         0  iscntrl_o.o ABSOLUTE
    ../clib/microlib/ctype/ctype.c           0x00000000   Number         0  isdigit_o.o ABSOLUTE
    ../clib/microlib/ctype/ctype.c           0x00000000   Number         0  isgraph_o.o ABSOLUTE
    ../clib/microlib/ctype/ctype.c           0x00000000   Number         0  islower_o.o ABSOLUTE
    ../clib/microlib/ctype/ctype.c           0x00000000   Number         0  isprint_o.o ABSOLUTE
    ../clib/microlib/ctype/ctype.c           0x00000000   Number         0  ispunct_o.o ABSOLUTE
    ../clib/microlib/ctype/ctype.c           0x00000000   Number         0  isspace_o.o ABSOLUTE
    ../clib/microlib/ctype/ctype.c           0x00000000   Number         0  isupper_o.o ABSOLUTE
    ../clib/microlib/ctype/ctype.c           0x00000000   Number         0  isxdigit_o.o ABSOLUTE
    ../clib/microlib/division.c              0x00000000   Number         0  uldiv.o ABSOLUTE
    ../clib/microlib/division.c              0x00000000   Number         0  uidiv.o ABSOLUTE
    ../clib/microlib/errno.c                 0x00000000   Number         0  errno.o ABSOLUTE
    ../clib/microlib/init/entry.s            0x00000000   Number         0  entry7a.o ABSOLUTE
    ../clib/microlib/init/entry.s            0x00000000   Number         0  entry.o ABSOLUTE
    ../clib/microlib/init/entry.s            0x00000000   Number         0  entry7b.o ABSOLUTE
    ../clib/microlib/init/entry.s            0x00000000   Number         0  entry8a.o ABSOLUTE
    ../clib/microlib/init/entry.s            0x00000000   Number         0  entry8b.o ABSOLUTE
    ../clib/microlib/init/entry.s            0x00000000   Number         0  entry9a.o ABSOLUTE
    ../clib/microlib/init/entry.s            0x00000000   Number         0  entry10a.o ABSOLUTE
    ../clib/microlib/init/entry.s            0x00000000   Number         0  entry9b.o ABSOLUTE
    ../clib/microlib/init/entry.s            0x00000000   Number         0  entry11b.o ABSOLUTE
    ../clib/microlib/init/entry.s            0x00000000   Number         0  entry11a.o ABSOLUTE
    ../clib/microlib/init/entry.s            0x00000000   Number         0  entry10b.o ABSOLUTE
    ../clib/microlib/init/entry.s            0x00000000   Number         0  entry2.o ABSOLUTE
    ../clib/microlib/init/entry.s            0x00000000   Number         0  entry5.o ABSOLUTE
    ../clib/microlib/longlong.c              0x00000000   Number         0  llsshr.o ABSOLUTE
    ../clib/microlib/longlong.c              0x00000000   Number         0  llushr.o ABSOLUTE
    ../clib/microlib/longlong.c              0x00000000   Number         0  llshl.o ABSOLUTE
    ../clib/microlib/printf/printf.c         0x00000000   Number         0  printfa.o ABSOLUTE
    ../clib/microlib/printf/printf.c         0x00000000   Number         0  printf5.o ABSOLUTE
    ../clib/microlib/printf/printf.c         0x00000000   Number         0  printf8.o ABSOLUTE
    ../clib/microlib/printf/printf.c         0x00000000   Number         0  printf6.o ABSOLUTE
    ../clib/microlib/printf/printf.c         0x00000000   Number         0  printf7.o ABSOLUTE
    ../clib/microlib/printf/printf.c         0x00000000   Number         0  printf4.o ABSOLUTE
    ../clib/microlib/printf/printf.c         0x00000000   Number         0  printf3.o ABSOLUTE
    ../clib/microlib/printf/printf.c         0x00000000   Number         0  printf2.o ABSOLUTE
    ../clib/microlib/printf/printf.c         0x00000000   Number         0  printf1.o ABSOLUTE
    ../clib/microlib/printf/printf.c         0x00000000   Number         0  printf0.o ABSOLUTE
    ../clib/microlib/printf/printf.c         0x00000000   Number         0  printfb.o ABSOLUTE
    ../clib/microlib/printf/stubs.s          0x00000000   Number         0  stubs.o ABSOLUTE
    ../clib/microlib/stdio/streams.c         0x00000000   Number         0  stdout.o ABSOLUTE
    ../clib/microlib/string/memcpy.c         0x00000000   Number         0  memcpya.o ABSOLUTE
    ../clib/microlib/string/memcpy.c         0x00000000   Number         0  memcpyb.o ABSOLUTE
    ../clib/microlib/string/strcpy.c         0x00000000   Number         0  strcpy.o ABSOLUTE
    ../clib/microlib/string/strlen.c         0x00000000   Number         0  strlen.o ABSOLUTE
    ../clib/microlib/stubs.s                 0x00000000   Number         0  iusefp.o ABSOLUTE
    ../clib/scanf.c                          0x00000000   Number         0  _chval.o ABSOLUTE
    ../clib/scanf.c                          0x00000000   Number         0  atoi.o ABSOLUTE
    ../clib/scanf.c                          0x00000000   Number         0  _strtoul.o ABSOLUTE
    ../clib/scanf.c                          0x00000000   Number         0  strtol.o ABSOLUTE
    ../fplib/microlib/fpadd.c                0x00000000   Number         0  dadd.o ABSOLUTE
    ../fplib/microlib/fpdiv.c                0x00000000   Number         0  ddiv.o ABSOLUTE
    ../fplib/microlib/fpepilogue.c           0x00000000   Number         0  depilogue.o ABSOLUTE
    ../fplib/microlib/fpfix.c                0x00000000   Number         0  dfixul.o ABSOLUTE
    ../fplib/microlib/fpmul.c                0x00000000   Number         0  dmul.o ABSOLUTE
    ..\Core\startup_stm32f411xe.s            0x00000000   Number         0  startup_stm32f411xe.o ABSOLUTE
    ..\Drivers\BSP\STM32F4xx-Nucleo\stm32f4xx_nucleo.c 0x00000000   Number         0  stm32f4xx_nucleo.o ABSOLUTE
    ..\Drivers\STM32F4xx_HAL_Driver\Src\stm32f4xx_hal.c 0x00000000   Number         0  stm32f4xx_hal.o ABSOLUTE
    ..\Drivers\STM32F4xx_HAL_Driver\Src\stm32f4xx_hal_adc.c 0x00000000   Number         0  stm32f4xx_hal_adc.o ABSOLUTE
    ..\Drivers\STM32F4xx_HAL_Driver\Src\stm32f4xx_hal_adc_ex.c 0x00000000   Number         0  stm32f4xx_hal_adc_ex.o ABSOLUTE
    ..\Drivers\STM32F4xx_HAL_Driver\Src\stm32f4xx_hal_cortex.c 0x00000000   Number         0  stm32f4xx_hal_cortex.o ABSOLUTE
    ..\Drivers\STM32F4xx_HAL_Driver\Src\stm32f4xx_hal_dma.c 0x00000000   Number         0  stm32f4xx_hal_dma.o ABSOLUTE
    ..\Drivers\STM32F4xx_HAL_Driver\Src\stm32f4xx_hal_dma_ex.c 0x00000000   Number         0  stm32f4xx_hal_dma_ex.o ABSOLUTE
    ..\Drivers\STM32F4xx_HAL_Driver\Src\stm32f4xx_hal_flash.c 0x00000000   Number         0  stm32f4xx_hal_flash.o ABSOLUTE
    ..\Drivers\STM32F4xx_HAL_Driver\Src\stm32f4xx_hal_flash_ex.c 0x00000000   Number         0  stm32f4xx_hal_flash_ex.o ABSOLUTE
    ..\Drivers\STM32F4xx_HAL_Driver\Src\stm32f4xx_hal_gpio.c 0x00000000   Number         0  stm32f4xx_hal_gpio.o ABSOLUTE
    ..\Drivers\STM32F4xx_HAL_Driver\Src\stm32f4xx_hal_pwr_ex.c 0x00000000   Number         0  stm32f4xx_hal_pwr_ex.o ABSOLUTE
    ..\Drivers\STM32F4xx_HAL_Driver\Src\stm32f4xx_hal_rcc.c 0x00000000   Number         0  stm32f4xx_hal_rcc.o ABSOLUTE
    ..\Drivers\STM32F4xx_HAL_Driver\Src\stm32f4xx_hal_rcc_ex.c 0x00000000   Number         0  stm32f4xx_hal_rcc_ex.o ABSOLUTE
    ..\Drivers\STM32F4xx_HAL_Driver\Src\stm32f4xx_hal_spi.c 0x00000000   Number         0  stm32f4xx_hal_spi.o ABSOLUTE
    ..\Drivers\STM32F4xx_HAL_Driver\Src\stm32f4xx_hal_uart.c 0x00000000   Number         0  stm32f4xx_hal_uart.o ABSOLUTE
    ..\RAK411_lib\src\RAK411_API.c           0x00000000   Number         0  rak411_api.o ABSOLUTE
    ..\RAK411_lib\src\rak_config_init.c      0x00000000   Number         0  rak_config_init.o ABSOLUTE
    ..\RAK411_lib\src\rak_spi_apconfig.c     0x00000000   Number         0  rak_spi_apconfig.o ABSOLUTE
    ..\RAK411_lib\src\rak_spi_auto_connect.c 0x00000000   Number         0  rak_spi_auto_connect.o ABSOLUTE
    ..\RAK411_lib\src\rak_spi_channel.c      0x00000000   Number         0  rak_spi_channel.o ABSOLUTE
    ..\RAK411_lib\src\rak_spi_connect.c      0x00000000   Number         0  rak_spi_connect.o ABSOLUTE
    ..\RAK411_lib\src\rak_spi_disconnect.c   0x00000000   Number         0  rak_spi_disconnect.o ABSOLUTE
    ..\RAK411_lib\src\rak_spi_easy_config.c  0x00000000   Number         0  rak_spi_easy_config.o ABSOLUTE
    ..\RAK411_lib\src\rak_spi_get_connect_status.c 0x00000000   Number         0  rak_spi_get_connect_status.o ABSOLUTE
    ..\RAK411_lib\src\rak_spi_get_rssi.c     0x00000000   Number         0  rak_spi_get_rssi.o ABSOLUTE
    ..\RAK411_lib\src\rak_spi_get_storeconfig.c 0x00000000   Number         0  rak_spi_get_storeconfig.o ABSOLUTE
    ..\RAK411_lib\src\rak_spi_get_storeweb.c 0x00000000   Number         0  rak_spi_get_storeweb.o ABSOLUTE
    ..\RAK411_lib\src\rak_spi_get_tcps.c     0x00000000   Number         0  rak_spi_get_tcps.o ABSOLUTE
    ..\RAK411_lib\src\rak_spi_get_version.c  0x00000000   Number         0  rak_spi_get_version.o ABSOLUTE
    ..\RAK411_lib\src\rak_spi_getscan.c      0x00000000   Number         0  rak_spi_getscan.o ABSOLUTE
    ..\RAK411_lib\src\rak_spi_interrupt.c    0x00000000   Number         0  rak_spi_interrupt.o ABSOLUTE
    ..\RAK411_lib\src\rak_spi_interrupt_handler.c 0x00000000   Number         0  rak_spi_interrupt_handler.o ABSOLUTE
    ..\RAK411_lib\src\rak_spi_ipconfig_dhcp.c 0x00000000   Number         0  rak_spi_ipconfig_dhcp.o ABSOLUTE
    ..\RAK411_lib\src\rak_spi_ipconfig_query.c 0x00000000   Number         0  rak_spi_ipconfig_query.o ABSOLUTE
    ..\RAK411_lib\src\rak_spi_open_socket.c  0x00000000   Number         0  rak_spi_open_socket.o ABSOLUTE
    ..\RAK411_lib\src\rak_spi_ping.c         0x00000000   Number         0  rak_spi_ping.o ABSOLUTE
    ..\RAK411_lib\src\rak_spi_poll_read_data.c 0x00000000   Number         0  rak_spi_poll_read_data.o ABSOLUTE
    ..\RAK411_lib\src\rak_spi_power_mode.c   0x00000000   Number         0  rak_spi_power_mode.o ABSOLUTE
    ..\RAK411_lib\src\rak_spi_psk.c          0x00000000   Number         0  rak_spi_psk.o ABSOLUTE
    ..\RAK411_lib\src\rak_spi_query_dns.c    0x00000000   Number         0  rak_spi_query_dns.o ABSOLUTE
    ..\RAK411_lib\src\rak_spi_read_data.c    0x00000000   Number         0  rak_spi_read_data.o ABSOLUTE
    ..\RAK411_lib\src\rak_spi_read_packet.c  0x00000000   Number         0  rak_spi_read_packet.o ABSOLUTE
    ..\RAK411_lib\src\rak_spi_read_status.c  0x00000000   Number         0  rak_spi_read_status.o ABSOLUTE
    ..\RAK411_lib\src\rak_spi_reset.c        0x00000000   Number         0  rak_spi_reset.o ABSOLUTE
    ..\RAK411_lib\src\rak_spi_scan.c         0x00000000   Number         0  rak_spi_scan.o ABSOLUTE
    ..\RAK411_lib\src\rak_spi_send_data.c    0x00000000   Number         0  rak_spi_send_data.o ABSOLUTE
    ..\RAK411_lib\src\rak_spi_set_funcbitmap.c 0x00000000   Number         0  rak_spi_set_funcbitmap.o ABSOLUTE
    ..\RAK411_lib\src\rak_spi_set_ipstatic.c 0x00000000   Number         0  rak_spi_set_ipstatic.o ABSOLUTE
    ..\RAK411_lib\src\rak_spi_set_listen.c   0x00000000   Number         0  rak_spi_set_listen.o ABSOLUTE
    ..\RAK411_lib\src\rak_spi_socket_close.c 0x00000000   Number         0  rak_spi_socket_close.o ABSOLUTE
    ..\RAK411_lib\src\rak_spi_start_web.c    0x00000000   Number         0  rak_spi_start_web.o ABSOLUTE
    ..\RAK411_lib\src\rak_spi_store_config.c 0x00000000   Number         0  rak_spi_store_config.o ABSOLUTE
    ..\RAK411_lib\src\rak_spi_store_data.c   0x00000000   Number         0  rak_spi_store_data.o ABSOLUTE
    ..\RAK411_lib\src\rak_spi_store_web.c    0x00000000   Number         0  rak_spi_store_web.o ABSOLUTE
    ..\RAK411_lib\src\rak_spi_sys_init.c     0x00000000   Number         0  rak_spi_sys_init.o ABSOLUTE
    ..\RAK411_lib\src\rak_spi_wps.c          0x00000000   Number         0  rak_spi_wps.o ABSOLUTE
    ..\User\Src\init_wifi_module.c           0x00000000   Number         0  init_wifi_module.o ABSOLUTE
    ..\User\Src\main.c                       0x00000000   Number         0  main.o ABSOLUTE
    ..\User\Src\stm32f4xx_hal_msp.c          0x00000000   Number         0  stm32f4xx_hal_msp.o ABSOLUTE
    ..\User\Src\stm32f4xx_it.c               0x00000000   Number         0  stm32f4xx_it.o ABSOLUTE
    ..\User\Src\system_stm32f4xx.c           0x00000000   Number         0  system_stm32f4xx.o ABSOLUTE
    ..\\Drivers\\BSP\\STM32F4xx-Nucleo\\stm32f4xx_nucleo.c 0x00000000   Number         0  stm32f4xx_nucleo.o ABSOLUTE
    ..\\Drivers\\STM32F4xx_HAL_Driver\\Src\\stm32f4xx_hal.c 0x00000000   Number         0  stm32f4xx_hal.o ABSOLUTE
    ..\\Drivers\\STM32F4xx_HAL_Driver\\Src\\stm32f4xx_hal_adc.c 0x00000000   Number         0  stm32f4xx_hal_adc.o ABSOLUTE
    ..\\Drivers\\STM32F4xx_HAL_Driver\\Src\\stm32f4xx_hal_adc_ex.c 0x00000000   Number         0  stm32f4xx_hal_adc_ex.o ABSOLUTE
    ..\\Drivers\\STM32F4xx_HAL_Driver\\Src\\stm32f4xx_hal_cortex.c 0x00000000   Number         0  stm32f4xx_hal_cortex.o ABSOLUTE
    ..\\Drivers\\STM32F4xx_HAL_Driver\\Src\\stm32f4xx_hal_dma.c 0x00000000   Number         0  stm32f4xx_hal_dma.o ABSOLUTE
    ..\\Drivers\\STM32F4xx_HAL_Driver\\Src\\stm32f4xx_hal_dma_ex.c 0x00000000   Number         0  stm32f4xx_hal_dma_ex.o ABSOLUTE
    ..\\Drivers\\STM32F4xx_HAL_Driver\\Src\\stm32f4xx_hal_flash.c 0x00000000   Number         0  stm32f4xx_hal_flash.o ABSOLUTE
    ..\\Drivers\\STM32F4xx_HAL_Driver\\Src\\stm32f4xx_hal_flash_ex.c 0x00000000   Number         0  stm32f4xx_hal_flash_ex.o ABSOLUTE
    ..\\Drivers\\STM32F4xx_HAL_Driver\\Src\\stm32f4xx_hal_gpio.c 0x00000000   Number         0  stm32f4xx_hal_gpio.o ABSOLUTE
    ..\\Drivers\\STM32F4xx_HAL_Driver\\Src\\stm32f4xx_hal_pwr_ex.c 0x00000000   Number         0  stm32f4xx_hal_pwr_ex.o ABSOLUTE
    ..\\Drivers\\STM32F4xx_HAL_Driver\\Src\\stm32f4xx_hal_rcc.c 0x00000000   Number         0  stm32f4xx_hal_rcc.o ABSOLUTE
    ..\\Drivers\\STM32F4xx_HAL_Driver\\Src\\stm32f4xx_hal_rcc_ex.c 0x00000000   Number         0  stm32f4xx_hal_rcc_ex.o ABSOLUTE
    ..\\Drivers\\STM32F4xx_HAL_Driver\\Src\\stm32f4xx_hal_spi.c 0x00000000   Number         0  stm32f4xx_hal_spi.o ABSOLUTE
    ..\\Drivers\\STM32F4xx_HAL_Driver\\Src\\stm32f4xx_hal_uart.c 0x00000000   Number         0  stm32f4xx_hal_uart.o ABSOLUTE
    ..\\RAK411_lib\\src\\RAK411_API.c        0x00000000   Number         0  rak411_api.o ABSOLUTE
    ..\\RAK411_lib\\src\\rak_config_init.c   0x00000000   Number         0  rak_config_init.o ABSOLUTE
    ..\\RAK411_lib\\src\\rak_spi_apconfig.c  0x00000000   Number         0  rak_spi_apconfig.o ABSOLUTE
    ..\\RAK411_lib\\src\\rak_spi_auto_connect.c 0x00000000   Number         0  rak_spi_auto_connect.o ABSOLUTE
    ..\\RAK411_lib\\src\\rak_spi_channel.c   0x00000000   Number         0  rak_spi_channel.o ABSOLUTE
    ..\\RAK411_lib\\src\\rak_spi_connect.c   0x00000000   Number         0  rak_spi_connect.o ABSOLUTE
    ..\\RAK411_lib\\src\\rak_spi_disconnect.c 0x00000000   Number         0  rak_spi_disconnect.o ABSOLUTE
    ..\\RAK411_lib\\src\\rak_spi_easy_config.c 0x00000000   Number         0  rak_spi_easy_config.o ABSOLUTE
    ..\\RAK411_lib\\src\\rak_spi_get_connect_status.c 0x00000000   Number         0  rak_spi_get_connect_status.o ABSOLUTE
    ..\\RAK411_lib\\src\\rak_spi_get_rssi.c  0x00000000   Number         0  rak_spi_get_rssi.o ABSOLUTE
    ..\\RAK411_lib\\src\\rak_spi_get_storeconfig.c 0x00000000   Number         0  rak_spi_get_storeconfig.o ABSOLUTE
    ..\\RAK411_lib\\src\\rak_spi_get_storeweb.c 0x00000000   Number         0  rak_spi_get_storeweb.o ABSOLUTE
    ..\\RAK411_lib\\src\\rak_spi_get_tcps.c  0x00000000   Number         0  rak_spi_get_tcps.o ABSOLUTE
    ..\\RAK411_lib\\src\\rak_spi_get_version.c 0x00000000   Number         0  rak_spi_get_version.o ABSOLUTE
    ..\\RAK411_lib\\src\\rak_spi_getscan.c   0x00000000   Number         0  rak_spi_getscan.o ABSOLUTE
    ..\\RAK411_lib\\src\\rak_spi_interrupt.c 0x00000000   Number         0  rak_spi_interrupt.o ABSOLUTE
    ..\\RAK411_lib\\src\\rak_spi_interrupt_handler.c 0x00000000   Number         0  rak_spi_interrupt_handler.o ABSOLUTE
    ..\\RAK411_lib\\src\\rak_spi_ipconfig_dhcp.c 0x00000000   Number         0  rak_spi_ipconfig_dhcp.o ABSOLUTE
    ..\\RAK411_lib\\src\\rak_spi_ipconfig_query.c 0x00000000   Number         0  rak_spi_ipconfig_query.o ABSOLUTE
    ..\\RAK411_lib\\src\\rak_spi_open_socket.c 0x00000000   Number         0  rak_spi_open_socket.o ABSOLUTE
    ..\\RAK411_lib\\src\\rak_spi_ping.c      0x00000000   Number         0  rak_spi_ping.o ABSOLUTE
    ..\\RAK411_lib\\src\\rak_spi_poll_read_data.c 0x00000000   Number         0  rak_spi_poll_read_data.o ABSOLUTE
    ..\\RAK411_lib\\src\\rak_spi_power_mode.c 0x00000000   Number         0  rak_spi_power_mode.o ABSOLUTE
    ..\\RAK411_lib\\src\\rak_spi_psk.c       0x00000000   Number         0  rak_spi_psk.o ABSOLUTE
    ..\\RAK411_lib\\src\\rak_spi_query_dns.c 0x00000000   Number         0  rak_spi_query_dns.o ABSOLUTE
    ..\\RAK411_lib\\src\\rak_spi_read_data.c 0x00000000   Number         0  rak_spi_read_data.o ABSOLUTE
    ..\\RAK411_lib\\src\\rak_spi_read_packet.c 0x00000000   Number         0  rak_spi_read_packet.o ABSOLUTE
    ..\\RAK411_lib\\src\\rak_spi_read_status.c 0x00000000   Number         0  rak_spi_read_status.o ABSOLUTE
    ..\\RAK411_lib\\src\\rak_spi_reset.c     0x00000000   Number         0  rak_spi_reset.o ABSOLUTE
    ..\\RAK411_lib\\src\\rak_spi_scan.c      0x00000000   Number         0  rak_spi_scan.o ABSOLUTE
    ..\\RAK411_lib\\src\\rak_spi_send_data.c 0x00000000   Number         0  rak_spi_send_data.o ABSOLUTE
    ..\\RAK411_lib\\src\\rak_spi_set_funcbitmap.c 0x00000000   Number         0  rak_spi_set_funcbitmap.o ABSOLUTE
    ..\\RAK411_lib\\src\\rak_spi_set_ipstatic.c 0x00000000   Number         0  rak_spi_set_ipstatic.o ABSOLUTE
    ..\\RAK411_lib\\src\\rak_spi_set_listen.c 0x00000000   Number         0  rak_spi_set_listen.o ABSOLUTE
    ..\\RAK411_lib\\src\\rak_spi_socket_close.c 0x00000000   Number         0  rak_spi_socket_close.o ABSOLUTE
    ..\\RAK411_lib\\src\\rak_spi_start_web.c 0x00000000   Number         0  rak_spi_start_web.o ABSOLUTE
    ..\\RAK411_lib\\src\\rak_spi_store_config.c 0x00000000   Number         0  rak_spi_store_config.o ABSOLUTE
    ..\\RAK411_lib\\src\\rak_spi_store_data.c 0x00000000   Number         0  rak_spi_store_data.o ABSOLUTE
    ..\\RAK411_lib\\src\\rak_spi_store_web.c 0x00000000   Number         0  rak_spi_store_web.o ABSOLUTE
    ..\\RAK411_lib\\src\\rak_spi_sys_init.c  0x00000000   Number         0  rak_spi_sys_init.o ABSOLUTE
    ..\\RAK411_lib\\src\\rak_spi_wps.c       0x00000000   Number         0  rak_spi_wps.o ABSOLUTE
    ..\\User\\Src\\init_wifi_module.c        0x00000000   Number         0  init_wifi_module.o ABSOLUTE
    ..\\User\\Src\\main.c                    0x00000000   Number         0  main.o ABSOLUTE
    ..\\User\\Src\\stm32f4xx_hal_msp.c       0x00000000   Number         0  stm32f4xx_hal_msp.o ABSOLUTE
    ..\\User\\Src\\stm32f4xx_it.c            0x00000000   Number         0  stm32f4xx_it.o ABSOLUTE
    ..\\User\\Src\\system_stm32f4xx.c        0x00000000   Number         0  system_stm32f4xx.o ABSOLUTE
    cdrcmple.s                               0x00000000   Number         0  cdrcmple.o ABSOLUTE
    dc.s                                     0x00000000   Number         0  dc.o ABSOLUTE
    handlers.s                               0x00000000   Number         0  handlers.o ABSOLUTE
    init.s                                   0x00000000   Number         0  init.o ABSOLUTE
    RESET                                    0x08000000   Section      408  startup_stm32f411xe.o(RESET)
    .ARM.Collect$$$$00000000                 0x08000198   Section        0  entry.o(.ARM.Collect$$$$00000000)
    .ARM.Collect$$$$00000001                 0x08000198   Section        4  entry2.o(.ARM.Collect$$$$00000001)
    .ARM.Collect$$$$00000004                 0x0800019c   Section        4  entry5.o(.ARM.Collect$$$$00000004)
    .ARM.Collect$$$$00000008                 0x080001a0   Section        0  entry7b.o(.ARM.Collect$$$$00000008)
    .ARM.Collect$$$$0000000A                 0x080001a0   Section        0  entry8b.o(.ARM.Collect$$$$0000000A)
    .ARM.Collect$$$$0000000B                 0x080001a0   Section        8  entry9a.o(.ARM.Collect$$$$0000000B)
    .ARM.Collect$$$$0000000D                 0x080001a8   Section        0  entry10a.o(.ARM.Collect$$$$0000000D)
    .ARM.Collect$$$$0000000F                 0x080001a8   Section        0  entry11a.o(.ARM.Collect$$$$0000000F)
    .ARM.Collect$$$$00002712                 0x080001a8   Section        4  entry2.o(.ARM.Collect$$$$00002712)
    __lit__00000000                          0x080001a8   Data           4  entry2.o(.ARM.Collect$$$$00002712)
    .text                                    0x080001ac   Section       36  startup_stm32f411xe.o(.text)
    $v0                                      0x080001ac   Number         0  startup_stm32f411xe.o(.text)
    .text                                    0x080001d0   Section        0  memcpya.o(.text)
    .text                                    0x080001f4   Section        0  strlen.o(.text)
    .text                                    0x08000202   Section        0  strcpy.o(.text)
    .text                                    0x08000214   Section        0  atoi.o(.text)
    .text                                    0x0800022e   Section        0  strtol.o(.text)
    .text                                    0x080002a0   Section       36  init.o(.text)
    .text                                    0x080002c4   Section        0  ctype_o.o(.text)
    .text                                    0x080002cc   Section        0  _strtoul.o(.text)
    .text                                    0x0800036a   Section        0  _chval.o(.text)
    i.BusFault_Handler                       0x08000386   Section        0  stm32f4xx_it.o(i.BusFault_Handler)
    i.DebugMon_Handler                       0x08000388   Section        0  stm32f4xx_it.o(i.DebugMon_Handler)
    i.EXTI9_5_IRQHandler                     0x0800038a   Section        0  stm32f4xx_it.o(i.EXTI9_5_IRQHandler)
    i.Error_Handler                          0x08000390   Section        0  main.o(i.Error_Handler)
    i.GPIO_config                            0x08000394   Section        0  main.o(i.GPIO_config)
    GPIO_config                              0x08000395   Thumb Code   168  main.o(i.GPIO_config)
    i.HAL_GPIO_EXTI_Callback                 0x08000454   Section        0  stm32f4xx_hal_gpio.o(i.HAL_GPIO_EXTI_Callback)
    i.HAL_GPIO_EXTI_IRQHandler               0x08000458   Section        0  stm32f4xx_hal_gpio.o(i.HAL_GPIO_EXTI_IRQHandler)
    i.HAL_GPIO_Init                          0x08000470   Section        0  stm32f4xx_hal_gpio.o(i.HAL_GPIO_Init)
    i.HAL_GPIO_ReadPin                       0x080005f8   Section        0  stm32f4xx_hal_gpio.o(i.HAL_GPIO_ReadPin)
    i.HAL_GPIO_WritePin                      0x08000602   Section        0  stm32f4xx_hal_gpio.o(i.HAL_GPIO_WritePin)
    i.HAL_GetTick                            0x0800060c   Section        0  stm32f4xx_hal.o(i.HAL_GetTick)
    i.HAL_IncTick                            0x08000618   Section        0  stm32f4xx_hal.o(i.HAL_IncTick)
    i.HAL_Init                               0x08000628   Section        0  stm32f4xx_hal.o(i.HAL_Init)
    i.HAL_InitTick                           0x0800065c   Section        0  stm32f4xx_hal.o(i.HAL_InitTick)
    i.HAL_MspInit                            0x08000684   Section        0  stm32f4xx_hal.o(i.HAL_MspInit)
    i.HAL_NVIC_EnableIRQ                     0x08000686   Section        0  stm32f4xx_hal_cortex.o(i.HAL_NVIC_EnableIRQ)
    i.HAL_NVIC_SetPriority                   0x0800069c   Section        0  stm32f4xx_hal_cortex.o(i.HAL_NVIC_SetPriority)
    i.HAL_NVIC_SetPriorityGrouping           0x080006dc   Section        0  stm32f4xx_hal_cortex.o(i.HAL_NVIC_SetPriorityGrouping)
    i.HAL_RCC_ClockConfig                    0x08000700   Section        0  stm32f4xx_hal_rcc.o(i.HAL_RCC_ClockConfig)
    i.HAL_RCC_GetPCLK1Freq                   0x0800087c   Section        0  stm32f4xx_hal_rcc.o(i.HAL_RCC_GetPCLK1Freq)
    i.HAL_RCC_GetPCLK2Freq                   0x080008ac   Section        0  stm32f4xx_hal_rcc.o(i.HAL_RCC_GetPCLK2Freq)
    i.HAL_RCC_GetSysClockFreq                0x080008dc   Section        0  stm32f4xx_hal_rcc.o(i.HAL_RCC_GetSysClockFreq)
    i.HAL_RCC_OscConfig                      0x08000950   Section        0  stm32f4xx_hal_rcc.o(i.HAL_RCC_OscConfig)
    i.HAL_SPI_Init                           0x08000c34   Section        0  stm32f4xx_hal_spi.o(i.HAL_SPI_Init)
    i.HAL_SPI_MspInit                        0x08000cc0   Section        0  stm32f4xx_hal_msp.o(i.HAL_SPI_MspInit)
    i.HAL_SPI_TransmitReceive                0x08000d50   Section        0  stm32f4xx_hal_spi.o(i.HAL_SPI_TransmitReceive)
    i.HAL_SYSTICK_Callback                   0x08000fbe   Section        0  stm32f4xx_hal_cortex.o(i.HAL_SYSTICK_Callback)
    i.HAL_SYSTICK_Config                     0x08000fc0   Section        0  stm32f4xx_hal_cortex.o(i.HAL_SYSTICK_Config)
    i.HAL_SYSTICK_IRQHandler                 0x08000fe8   Section        0  stm32f4xx_hal_cortex.o(i.HAL_SYSTICK_IRQHandler)
    i.HAL_UART_Init                          0x08000ff0   Section        0  stm32f4xx_hal_uart.o(i.HAL_UART_Init)
    i.HAL_UART_MspInit                       0x08001054   Section        0  stm32f4xx_hal_msp.o(i.HAL_UART_MspInit)
    i.HAL_UART_Transmit                      0x080010c4   Section        0  stm32f4xx_hal_uart.o(i.HAL_UART_Transmit)
    i.HardFault_Handler                      0x0800117e   Section        0  stm32f4xx_it.o(i.HardFault_Handler)
    i.MemManage_Handler                      0x08001180   Section        0  stm32f4xx_it.o(i.MemManage_Handler)
    i.NMI_Handler                            0x08001182   Section        0  stm32f4xx_it.o(i.NMI_Handler)
    i.NVIC_SetPriority                       0x08001184   Section        0  stm32f4xx_hal_cortex.o(i.NVIC_SetPriority)
    NVIC_SetPriority                         0x08001185   Thumb Code    32  stm32f4xx_hal_cortex.o(i.NVIC_SetPriority)
    i.PendSV_Handler                         0x080011a4   Section        0  stm32f4xx_it.o(i.PendSV_Handler)
    i.RAK_SendCMD                            0x080011a8   Section        0  rak411_api.o(i.RAK_SendCMD)
    i.SPI_CheckFlag_BSY                      0x080011f4   Section        0  stm32f4xx_hal_spi.o(i.SPI_CheckFlag_BSY)
    SPI_CheckFlag_BSY                        0x080011f5   Thumb Code    32  stm32f4xx_hal_spi.o(i.SPI_CheckFlag_BSY)
    i.SPI_WaitFlagStateUntilTimeout          0x08001214   Section        0  stm32f4xx_hal_spi.o(i.SPI_WaitFlagStateUntilTimeout)
    SPI_WaitFlagStateUntilTimeout            0x08001215   Thumb Code   150  stm32f4xx_hal_spi.o(i.SPI_WaitFlagStateUntilTimeout)
    i.SPI_config                             0x080012ac   Section        0  main.o(i.SPI_config)
    SPI_config                               0x080012ad   Thumb Code    56  main.o(i.SPI_config)
    i.SVC_Handler                            0x080012ec   Section        0  stm32f4xx_it.o(i.SVC_Handler)
    i.SYS_Delay                              0x080012ee   Section        0  main.o(i.SYS_Delay)
    i.SysTick_Handler                        0x080012f2   Section        0  stm32f4xx_it.o(i.SysTick_Handler)
    i.SystemClock_Config                     0x08001300   Section        0  main.o(i.SystemClock_Config)
    SystemClock_Config                       0x08001301   Thumb Code   122  main.o(i.SystemClock_Config)
    i.SystemInit                             0x08001384   Section        0  system_stm32f4xx.o(i.SystemInit)
    i.UART_SetConfig                         0x080013d8   Section        0  stm32f4xx_hal_uart.o(i.UART_SetConfig)
    UART_SetConfig                           0x080013d9   Thumb Code   676  stm32f4xx_hal_uart.o(i.UART_SetConfig)
    i.UART_WaitOnFlagUntilTimeout            0x08001684   Section        0  stm32f4xx_hal_uart.o(i.UART_WaitOnFlagUntilTimeout)
    UART_WaitOnFlagUntilTimeout              0x08001685   Thumb Code   100  stm32f4xx_hal_uart.o(i.UART_WaitOnFlagUntilTimeout)
    i.UsageFault_Handler                     0x080016e8   Section        0  stm32f4xx_it.o(i.UsageFault_Handler)
    i.__0printf$2                            0x080016ec   Section        0  printf2.o(i.__0printf$2)
    i.__aeabi_errno_addr                     0x0800170c   Section        0  errno.o(i.__aeabi_errno_addr)
    i.__scatterload_copy                     0x08001714   Section       14  handlers.o(i.__scatterload_copy)
    i.__scatterload_null                     0x08001722   Section        2  handlers.o(i.__scatterload_null)
    i.__scatterload_zeroinit                 0x08001724   Section       14  handlers.o(i.__scatterload_zeroinit)
    i._printf_core                           0x08001732   Section        0  printf2.o(i._printf_core)
    _printf_core                             0x08001733   Thumb Code   214  printf2.o(i._printf_core)
    i.delay_ms                               0x08001808   Section        0  main.o(i.delay_ms)
    i.delay_us                               0x08001820   Section        0  main.o(i.delay_us)
    i.fputc                                  0x08001854   Section        0  main.o(i.fputc)
    i.get_DataLen                            0x0800186c   Section        0  rak411_api.o(i.get_DataLen)
    i.get_status                             0x08001884   Section        0  rak_spi_read_status.o(i.get_status)
    i.init_wifi_module                       0x08001894   Section        0  init_wifi_module.o(i.init_wifi_module)
    i.main                                   0x08001a48   Section        0  main.o(i.main)
    i.rak_asciiDotAddressTouint32            0x08001b28   Section        0  rak_config_init.o(i.rak_asciiDotAddressTouint32)
    i.rak_checkDataFullIrq                   0x08001b84   Section        0  rak_spi_interrupt.o(i.rak_checkDataFullIrq)
    i.rak_checkPktIrq                        0x08001ba8   Section        0  rak_spi_interrupt.o(i.rak_checkPktIrq)
    i.rak_clearPktIrq                        0x08001bc0   Section        0  rak_spi_interrupt.o(i.rak_clearPktIrq)
    i.rak_connect                            0x08001bd0   Section        0  rak_spi_connect.o(i.rak_connect)
    i.rak_get_version                        0x08001be4   Section        0  rak_spi_get_version.o(i.rak_get_version)
    i.rak_init_struct                        0x08001bf8   Section        0  rak_config_init.o(i.rak_init_struct)
    i.rak_intHandler                         0x08001e34   Section        0  rak_spi_interrupt_handler.o(i.rak_intHandler)
    i.rak_ipconfig_dhcp                      0x08001e68   Section        0  rak_spi_ipconfig_dhcp.o(i.rak_ipconfig_dhcp)
    i.rak_open_socket                        0x08001e80   Section        0  rak_spi_open_socket.o(i.rak_open_socket)
    i.rak_read_data                          0x08001ee4   Section        0  rak_spi_read_data.o(i.rak_read_data)
    i.rak_read_packet                        0x08001f30   Section        0  rak_spi_read_packet.o(i.rak_read_packet)
    i.rak_read_status                        0x08001f4c   Section        0  rak_spi_read_status.o(i.rak_read_status)
    i.rak_send_data                          0x08001f8c   Section        0  rak_spi_send_data.o(i.rak_send_data)
    i.rak_set_ipstatic                       0x08001fc8   Section        0  rak_spi_set_ipstatic.o(i.rak_set_ipstatic)
    i.rak_set_psk                            0x08001fdc   Section        0  rak_spi_psk.o(i.rak_set_psk)
    i.rak_socket                             0x08001ff0   Section        0  rak_spi_open_socket.o(i.rak_socket)
    i.rak_sys_init                           0x08002064   Section        0  rak_spi_sys_init.o(i.rak_sys_init)
    i.send_data                              0x0800208c   Section        0  rak_spi_send_data.o(i.send_data)
    i.spi_Read                               0x080020dc   Section        0  rak411_api.o(i.spi_Read)
    i.spi_recv_data                          0x08002124   Section        0  rak411_api.o(i.spi_recv_data)
    i.spi_send                               0x08002140   Section        0  rak411_api.o(i.spi_send)
    i.spi_send_data                          0x08002188   Section        0  rak411_api.o(i.spi_send_data)
    i.spi_send_head                          0x080021a2   Section        0  rak411_api.o(i.spi_send_head)
    .constdata                               0x080021e6   Section       16  stm32f4xx_hal_rcc.o(.constdata)
    .constdata                               0x080021f6   Section      129  ctype_o.o(.constdata)
    .constdata                               0x08002278   Section        4  ctype_o.o(.constdata)
    table                                    0x08002278   Data           4  ctype_o.o(.constdata)
    .data                                    0x20000000   Section        4  stm32f4xx_hal.o(.data)
    .data                                    0x20000004   Section        8  main.o(.data)
    fac_us                                   0x20000004   Data           1  main.o(.data)
    .data                                    0x2000000c   Section        5  main.o(.data)
    .data                                    0x20000014   Section       20  system_stm32f4xx.o(.data)
    .data                                    0x20000028   Section        4  rak411_api.o(.data)
    .data                                    0x2000002c   Section        4  rak411_api.o(.data)
    .data                                    0x20000030   Section        4  stdout.o(.data)
    .data                                    0x20000034   Section        4  errno.o(.data)
    _errno                                   0x20000034   Data           4  errno.o(.data)
    .bss                                     0x20000038   Section     1572  main.o(.bss)
    .bss                                     0x2000065c   Section     2060  init_wifi_module.o(.bss)
    .bss                                     0x20000e68   Section     1416  rak_spi_send_data.o(.bss)
    STACK                                    0x200013f0   Section     1024  startup_stm32f411xe.o(STACK)

    Global Symbols

    Symbol Name                              Value     Ov Type        Size  Object(Section)

    BuildAttributes$$THM_ISAv4$E$P$D$K$B$S$7EM$VFPi3$EXTD16$VFPS$VFMA$PE$A:L22UL41UL21$X:L11$S22US41US21$IEEE1$IW$USESV6$~STKCKD$USESV7$~SHL$OSPACE$ROPI$EBA8$MICROLIB$REQ8$PRES8$EABIv2 0x00000000   Number         0  anon$$obj.o ABSOLUTE
    __ARM_use_no_argv                        0x00000000   Number         0  main.o ABSOLUTE
    _printf_a                                0x00000000   Number         0  stubs.o ABSOLUTE
    _printf_c                                0x00000000   Number         0  stubs.o ABSOLUTE
    _printf_charcount                        0x00000000   Number         0  stubs.o ABSOLUTE
    _printf_d                                0x00000000   Number         0  stubs.o ABSOLUTE
    _printf_e                                0x00000000   Number         0  stubs.o ABSOLUTE
    _printf_f                                0x00000000   Number         0  stubs.o ABSOLUTE
    _printf_flags                            0x00000000   Number         0  stubs.o ABSOLUTE
    _printf_fp_dec                           0x00000000   Number         0  stubs.o ABSOLUTE
    _printf_fp_hex                           0x00000000   Number         0  stubs.o ABSOLUTE
    _printf_g                                0x00000000   Number         0  stubs.o ABSOLUTE
    _printf_i                                0x00000000   Number         0  stubs.o ABSOLUTE
    _printf_int_dec                          0x00000000   Number         0  stubs.o ABSOLUTE
    _printf_l                                0x00000000   Number         0  stubs.o ABSOLUTE
    _printf_lc                               0x00000000   Number         0  stubs.o ABSOLUTE
    _printf_ll                               0x00000000   Number         0  stubs.o ABSOLUTE
    _printf_lld                              0x00000000   Number         0  stubs.o ABSOLUTE
    _printf_lli                              0x00000000   Number         0  stubs.o ABSOLUTE
    _printf_llo                              0x00000000   Number         0  stubs.o ABSOLUTE
    _printf_llu                              0x00000000   Number         0  stubs.o ABSOLUTE
    _printf_llx                              0x00000000   Number         0  stubs.o ABSOLUTE
    _printf_longlong_dec                     0x00000000   Number         0  stubs.o ABSOLUTE
    _printf_longlong_hex                     0x00000000   Number         0  stubs.o ABSOLUTE
    _printf_longlong_oct                     0x00000000   Number         0  stubs.o ABSOLUTE
    _printf_ls                               0x00000000   Number         0  stubs.o ABSOLUTE
    _printf_mbtowc                           0x00000000   Number         0  stubs.o ABSOLUTE
    _printf_n                                0x00000000   Number         0  stubs.o ABSOLUTE
    _printf_o                                0x00000000   Number         0  stubs.o ABSOLUTE
    _printf_p                                0x00000000   Number         0  stubs.o ABSOLUTE
    _printf_percent                          0x00000000   Number         0  stubs.o ABSOLUTE
    _printf_pre_padding                      0x00000000   Number         0  stubs.o ABSOLUTE
    _printf_return_value                     0x00000000   Number         0  stubs.o ABSOLUTE
    _printf_s                                0x00000000   Number         0  stubs.o ABSOLUTE
    _printf_sizespec                         0x00000000   Number         0  stubs.o ABSOLUTE
    _printf_str                              0x00000000   Number         0  stubs.o ABSOLUTE
    _printf_truncate_signed                  0x00000000   Number         0  stubs.o ABSOLUTE
    _printf_truncate_unsigned                0x00000000   Number         0  stubs.o ABSOLUTE
    _printf_u                                0x00000000   Number         0  stubs.o ABSOLUTE
    _printf_wc                               0x00000000   Number         0  stubs.o ABSOLUTE
    _printf_wctomb                           0x00000000   Number         0  stubs.o ABSOLUTE
    _printf_widthprec                        0x00000000   Number         0  stubs.o ABSOLUTE
    _printf_x                                0x00000000   Number         0  stubs.o ABSOLUTE
    __cpp_initialize__aeabi_                  - Undefined Weak Reference
    __cxa_finalize                            - Undefined Weak Reference
    __decompress                              - Undefined Weak Reference
    _clock_init                               - Undefined Weak Reference
    _microlib_exit                            - Undefined Weak Reference
    __Vectors_Size                           0x00000198   Number         0  startup_stm32f411xe.o ABSOLUTE
    __Vectors                                0x08000000   Data           4  startup_stm32f411xe.o(RESET)
    __Vectors_End                            0x08000198   Data           0  startup_stm32f411xe.o(RESET)
    __main                                   0x08000199   Thumb Code     0  entry.o(.ARM.Collect$$$$00000000)
    _main_stk                                0x08000199   Thumb Code     0  entry2.o(.ARM.Collect$$$$00000001)
    _main_scatterload                        0x0800019d   Thumb Code     0  entry5.o(.ARM.Collect$$$$00000004)
    __main_after_scatterload                 0x080001a1   Thumb Code     0  entry5.o(.ARM.Collect$$$$00000004)
    _main_clock                              0x080001a1   Thumb Code     0  entry7b.o(.ARM.Collect$$$$00000008)
    _main_cpp_init                           0x080001a1   Thumb Code     0  entry8b.o(.ARM.Collect$$$$0000000A)
    _main_init                               0x080001a1   Thumb Code     0  entry9a.o(.ARM.Collect$$$$0000000B)
    __rt_final_cpp                           0x080001a9   Thumb Code     0  entry10a.o(.ARM.Collect$$$$0000000D)
    __rt_final_exit                          0x080001a9   Thumb Code     0  entry11a.o(.ARM.Collect$$$$0000000F)
    Reset_Handler                            0x080001ad   Thumb Code     8  startup_stm32f411xe.o(.text)
    ADC_IRQHandler                           0x080001c7   Thumb Code     0  startup_stm32f411xe.o(.text)
    DMA1_Stream0_IRQHandler                  0x080001c7   Thumb Code     0  startup_stm32f411xe.o(.text)
    DMA1_Stream1_IRQHandler                  0x080001c7   Thumb Code     0  startup_stm32f411xe.o(.text)
    DMA1_Stream2_IRQHandler                  0x080001c7   Thumb Code     0  startup_stm32f411xe.o(.text)
    DMA1_Stream3_IRQHandler                  0x080001c7   Thumb Code     0  startup_stm32f411xe.o(.text)
    DMA1_Stream4_IRQHandler                  0x080001c7   Thumb Code     0  startup_stm32f411xe.o(.text)
    DMA1_Stream5_IRQHandler                  0x080001c7   Thumb Code     0  startup_stm32f411xe.o(.text)
    DMA1_Stream6_IRQHandler                  0x080001c7   Thumb Code     0  startup_stm32f411xe.o(.text)
    DMA1_Stream7_IRQHandler                  0x080001c7   Thumb Code     0  startup_stm32f411xe.o(.text)
    DMA2_Stream0_IRQHandler                  0x080001c7   Thumb Code     0  startup_stm32f411xe.o(.text)
    DMA2_Stream1_IRQHandler                  0x080001c7   Thumb Code     0  startup_stm32f411xe.o(.text)
    DMA2_Stream2_IRQHandler                  0x080001c7   Thumb Code     0  startup_stm32f411xe.o(.text)
    DMA2_Stream3_IRQHandler                  0x080001c7   Thumb Code     0  startup_stm32f411xe.o(.text)
    DMA2_Stream4_IRQHandler                  0x080001c7   Thumb Code     0  startup_stm32f411xe.o(.text)
    DMA2_Stream5_IRQHandler                  0x080001c7   Thumb Code     0  startup_stm32f411xe.o(.text)
    DMA2_Stream6_IRQHandler                  0x080001c7   Thumb Code     0  startup_stm32f411xe.o(.text)
    DMA2_Stream7_IRQHandler                  0x080001c7   Thumb Code     0  startup_stm32f411xe.o(.text)
    EXTI0_IRQHandler                         0x080001c7   Thumb Code     0  startup_stm32f411xe.o(.text)
    EXTI15_10_IRQHandler                     0x080001c7   Thumb Code     0  startup_stm32f411xe.o(.text)
    EXTI1_IRQHandler                         0x080001c7   Thumb Code     0  startup_stm32f411xe.o(.text)
    EXTI2_IRQHandler                         0x080001c7   Thumb Code     0  startup_stm32f411xe.o(.text)
    EXTI3_IRQHandler                         0x080001c7   Thumb Code     0  startup_stm32f411xe.o(.text)
    EXTI4_IRQHandler                         0x080001c7   Thumb Code     0  startup_stm32f411xe.o(.text)
    FLASH_IRQHandler                         0x080001c7   Thumb Code     0  startup_stm32f411xe.o(.text)
    FPU_IRQHandler                           0x080001c7   Thumb Code     0  startup_stm32f411xe.o(.text)
    I2C1_ER_IRQHandler                       0x080001c7   Thumb Code     0  startup_stm32f411xe.o(.text)
    I2C1_EV_IRQHandler                       0x080001c7   Thumb Code     0  startup_stm32f411xe.o(.text)
    I2C2_ER_IRQHandler                       0x080001c7   Thumb Code     0  startup_stm32f411xe.o(.text)
    I2C2_EV_IRQHandler                       0x080001c7   Thumb Code     0  startup_stm32f411xe.o(.text)
    I2C3_ER_IRQHandler                       0x080001c7   Thumb Code     0  startup_stm32f411xe.o(.text)
    I2C3_EV_IRQHandler                       0x080001c7   Thumb Code     0  startup_stm32f411xe.o(.text)
    OTG_FS_IRQHandler                        0x080001c7   Thumb Code     0  startup_stm32f411xe.o(.text)
    OTG_FS_WKUP_IRQHandler                   0x080001c7   Thumb Code     0  startup_stm32f411xe.o(.text)
    PVD_IRQHandler                           0x080001c7   Thumb Code     0  startup_stm32f411xe.o(.text)
    RCC_IRQHandler                           0x080001c7   Thumb Code     0  startup_stm32f411xe.o(.text)
    RTC_Alarm_IRQHandler                     0x080001c7   Thumb Code     0  startup_stm32f411xe.o(.text)
    RTC_WKUP_IRQHandler                      0x080001c7   Thumb Code     0  startup_stm32f411xe.o(.text)
    SDIO_IRQHandler                          0x080001c7   Thumb Code     0  startup_stm32f411xe.o(.text)
    SPI1_IRQHandler                          0x080001c7   Thumb Code     0  startup_stm32f411xe.o(.text)
    SPI2_IRQHandler                          0x080001c7   Thumb Code     0  startup_stm32f411xe.o(.text)
    SPI3_IRQHandler                          0x080001c7   Thumb Code     0  startup_stm32f411xe.o(.text)
    SPI4_IRQHandler                          0x080001c7   Thumb Code     0  startup_stm32f411xe.o(.text)
    SPI5_IRQHandler                          0x080001c7   Thumb Code     0  startup_stm32f411xe.o(.text)
    TAMP_STAMP_IRQHandler                    0x080001c7   Thumb Code     0  startup_stm32f411xe.o(.text)
    TIM1_BRK_TIM9_IRQHandler                 0x080001c7   Thumb Code     0  startup_stm32f411xe.o(.text)
    TIM1_CC_IRQHandler                       0x080001c7   Thumb Code     0  startup_stm32f411xe.o(.text)
    TIM1_TRG_COM_TIM11_IRQHandler            0x080001c7   Thumb Code     0  startup_stm32f411xe.o(.text)
    TIM1_UP_TIM10_IRQHandler                 0x080001c7   Thumb Code     0  startup_stm32f411xe.o(.text)
    TIM2_IRQHandler                          0x080001c7   Thumb Code     0  startup_stm32f411xe.o(.text)
    TIM3_IRQHandler                          0x080001c7   Thumb Code     0  startup_stm32f411xe.o(.text)
    TIM4_IRQHandler                          0x080001c7   Thumb Code     0  startup_stm32f411xe.o(.text)
    TIM5_IRQHandler                          0x080001c7   Thumb Code     0  startup_stm32f411xe.o(.text)
    USART1_IRQHandler                        0x080001c7   Thumb Code     0  startup_stm32f411xe.o(.text)
    USART2_IRQHandler                        0x080001c7   Thumb Code     0  startup_stm32f411xe.o(.text)
    USART6_IRQHandler                        0x080001c7   Thumb Code     0  startup_stm32f411xe.o(.text)
    WWDG_IRQHandler                          0x080001c7   Thumb Code     0  startup_stm32f411xe.o(.text)
    __aeabi_memcpy                           0x080001d1   Thumb Code    36  memcpya.o(.text)
    __aeabi_memcpy4                          0x080001d1   Thumb Code     0  memcpya.o(.text)
    __aeabi_memcpy8                          0x080001d1   Thumb Code     0  memcpya.o(.text)
    strlen                                   0x080001f5   Thumb Code    14  strlen.o(.text)
    strcpy                                   0x08000203   Thumb Code    18  strcpy.o(.text)
    atoi                                     0x08000215   Thumb Code    26  atoi.o(.text)
    strtol                                   0x0800022f   Thumb Code   112  strtol.o(.text)
    __scatterload                            0x080002a1   Thumb Code    28  init.o(.text)
    __scatterload_rt2                        0x080002a1   Thumb Code     0  init.o(.text)
    __rt_ctype_table                         0x080002c5   Thumb Code     4  ctype_o.o(.text)
    _strtoul                                 0x080002cd   Thumb Code   158  _strtoul.o(.text)
    _chval                                   0x0800036b   Thumb Code    28  _chval.o(.text)
    BusFault_Handler                         0x08000387   Thumb Code     2  stm32f4xx_it.o(i.BusFault_Handler)
    DebugMon_Handler                         0x08000389   Thumb Code     2  stm32f4xx_it.o(i.DebugMon_Handler)
    EXTI9_5_IRQHandler                       0x0800038b   Thumb Code     6  stm32f4xx_it.o(i.EXTI9_5_IRQHandler)
    Error_Handler                            0x08000391   Thumb Code     2  main.o(i.Error_Handler)
    HAL_GPIO_EXTI_Callback                   0x08000455   Thumb Code     2  stm32f4xx_hal_gpio.o(i.HAL_GPIO_EXTI_Callback)
    HAL_GPIO_EXTI_IRQHandler                 0x08000459   Thumb Code    18  stm32f4xx_hal_gpio.o(i.HAL_GPIO_EXTI_IRQHandler)
    HAL_GPIO_Init                            0x08000471   Thumb Code   358  stm32f4xx_hal_gpio.o(i.HAL_GPIO_Init)
    HAL_GPIO_ReadPin                         0x080005f9   Thumb Code    10  stm32f4xx_hal_gpio.o(i.HAL_GPIO_ReadPin)
    HAL_GPIO_WritePin                        0x08000603   Thumb Code    10  stm32f4xx_hal_gpio.o(i.HAL_GPIO_WritePin)
    HAL_GetTick                              0x0800060d   Thumb Code     6  stm32f4xx_hal.o(i.HAL_GetTick)
    HAL_IncTick                              0x08000619   Thumb Code    10  stm32f4xx_hal.o(i.HAL_IncTick)
    HAL_Init                                 0x08000629   Thumb Code    48  stm32f4xx_hal.o(i.HAL_Init)
    HAL_InitTick                             0x0800065d   Thumb Code    34  stm32f4xx_hal.o(i.HAL_InitTick)
    HAL_MspInit                              0x08000685   Thumb Code     2  stm32f4xx_hal.o(i.HAL_MspInit)
    HAL_NVIC_EnableIRQ                       0x08000687   Thumb Code    22  stm32f4xx_hal_cortex.o(i.HAL_NVIC_EnableIRQ)
    HAL_NVIC_SetPriority                     0x0800069d   Thumb Code    60  stm32f4xx_hal_cortex.o(i.HAL_NVIC_SetPriority)
    HAL_NVIC_SetPriorityGrouping             0x080006dd   Thumb Code    26  stm32f4xx_hal_cortex.o(i.HAL_NVIC_SetPriorityGrouping)
    HAL_RCC_ClockConfig                      0x08000701   Thumb Code   364  stm32f4xx_hal_rcc.o(i.HAL_RCC_ClockConfig)
    HAL_RCC_GetPCLK1Freq                     0x0800087d   Thumb Code    34  stm32f4xx_hal_rcc.o(i.HAL_RCC_GetPCLK1Freq)
    HAL_RCC_GetPCLK2Freq                     0x080008ad   Thumb Code    34  stm32f4xx_hal_rcc.o(i.HAL_RCC_GetPCLK2Freq)
    HAL_RCC_GetSysClockFreq                  0x080008dd   Thumb Code   104  stm32f4xx_hal_rcc.o(i.HAL_RCC_GetSysClockFreq)
    HAL_RCC_OscConfig                        0x08000951   Thumb Code   722  stm32f4xx_hal_rcc.o(i.HAL_RCC_OscConfig)
    HAL_SPI_Init                             0x08000c35   Thumb Code   140  stm32f4xx_hal_spi.o(i.HAL_SPI_Init)
    HAL_SPI_MspInit                          0x08000cc1   Thumb Code   134  stm32f4xx_hal_msp.o(i.HAL_SPI_MspInit)
    HAL_SPI_TransmitReceive                  0x08000d51   Thumb Code   622  stm32f4xx_hal_spi.o(i.HAL_SPI_TransmitReceive)
    HAL_SYSTICK_Callback                     0x08000fbf   Thumb Code     2  stm32f4xx_hal_cortex.o(i.HAL_SYSTICK_Callback)
    HAL_SYSTICK_Config                       0x08000fc1   Thumb Code    40  stm32f4xx_hal_cortex.o(i.HAL_SYSTICK_Config)
    HAL_SYSTICK_IRQHandler                   0x08000fe9   Thumb Code     8  stm32f4xx_hal_cortex.o(i.HAL_SYSTICK_IRQHandler)
    HAL_UART_Init                            0x08000ff1   Thumb Code    98  stm32f4xx_hal_uart.o(i.HAL_UART_Init)
    HAL_UART_MspInit                         0x08001055   Thumb Code   104  stm32f4xx_hal_msp.o(i.HAL_UART_MspInit)
    HAL_UART_Transmit                        0x080010c5   Thumb Code   186  stm32f4xx_hal_uart.o(i.HAL_UART_Transmit)
    HardFault_Handler                        0x0800117f   Thumb Code     2  stm32f4xx_it.o(i.HardFault_Handler)
    MemManage_Handler                        0x08001181   Thumb Code     2  stm32f4xx_it.o(i.MemManage_Handler)
    NMI_Handler                              0x08001183   Thumb Code     2  stm32f4xx_it.o(i.NMI_Handler)
    PendSV_Handler                           0x080011a5   Thumb Code     2  stm32f4xx_it.o(i.PendSV_Handler)
    RAK_SendCMD                              0x080011a9   Thumb Code    66  rak411_api.o(i.RAK_SendCMD)
    SVC_Handler                              0x080012ed   Thumb Code     2  stm32f4xx_it.o(i.SVC_Handler)
    SYS_Delay                                0x080012ef   Thumb Code     4  main.o(i.SYS_Delay)
    SysTick_Handler                          0x080012f3   Thumb Code    14  stm32f4xx_it.o(i.SysTick_Handler)
    SystemInit                               0x08001385   Thumb Code    66  system_stm32f4xx.o(i.SystemInit)
    UsageFault_Handler                       0x080016e9   Thumb Code     2  stm32f4xx_it.o(i.UsageFault_Handler)
    __0printf$2                              0x080016ed   Thumb Code    22  printf2.o(i.__0printf$2)
    __1printf$2                              0x080016ed   Thumb Code     0  printf2.o(i.__0printf$2)
    __2printf                                0x080016ed   Thumb Code     0  printf2.o(i.__0printf$2)
    __aeabi_errno_addr                       0x0800170d   Thumb Code     4  errno.o(i.__aeabi_errno_addr)
    __rt_errno_addr                          0x0800170d   Thumb Code     0  errno.o(i.__aeabi_errno_addr)
    __scatterload_copy                       0x08001715   Thumb Code    14  handlers.o(i.__scatterload_copy)
    __scatterload_null                       0x08001723   Thumb Code     2  handlers.o(i.__scatterload_null)
    __scatterload_zeroinit                   0x08001725   Thumb Code    14  handlers.o(i.__scatterload_zeroinit)
    delay_ms                                 0x08001809   Thumb Code    22  main.o(i.delay_ms)
    delay_us                                 0x08001821   Thumb Code    48  main.o(i.delay_us)
    fputc                                    0x08001855   Thumb Code    20  main.o(i.fputc)
    get_DataLen                              0x0800186d   Thumb Code    24  rak411_api.o(i.get_DataLen)
    get_status                               0x08001885   Thumb Code    16  rak_spi_read_status.o(i.get_status)
    init_wifi_module                         0x08001895   Thumb Code   350  init_wifi_module.o(i.init_wifi_module)
    main                                     0x08001a49   Thumb Code   196  main.o(i.main)
    rak_asciiDotAddressTouint32              0x08001b29   Thumb Code    90  rak_config_init.o(i.rak_asciiDotAddressTouint32)
    rak_checkDataFullIrq                     0x08001b85   Thumb Code    32  rak_spi_interrupt.o(i.rak_checkDataFullIrq)
    rak_checkPktIrq                          0x08001ba9   Thumb Code    20  rak_spi_interrupt.o(i.rak_checkPktIrq)
    rak_clearPktIrq                          0x08001bc1   Thumb Code    12  rak_spi_interrupt.o(i.rak_clearPktIrq)
    rak_connect                              0x08001bd1   Thumb Code    20  rak_spi_connect.o(i.rak_connect)
    rak_get_version                          0x08001be5   Thumb Code    18  rak_spi_get_version.o(i.rak_get_version)
    rak_init_struct                          0x08001bf9   Thumb Code   408  rak_config_init.o(i.rak_init_struct)
    rak_intHandler                           0x08001e35   Thumb Code    46  rak_spi_interrupt_handler.o(i.rak_intHandler)
    rak_ipconfig_dhcp                        0x08001e69   Thumb Code    22  rak_spi_ipconfig_dhcp.o(i.rak_ipconfig_dhcp)
    rak_open_socket                          0x08001e81   Thumb Code    66  rak_spi_open_socket.o(i.rak_open_socket)
    rak_read_data                            0x08001ee5   Thumb Code    68  rak_spi_read_data.o(i.rak_read_data)
    rak_read_packet                          0x08001f31   Thumb Code    24  rak_spi_read_packet.o(i.rak_read_packet)
    rak_read_status                          0x08001f4d   Thumb Code    54  rak_spi_read_status.o(i.rak_read_status)
    rak_send_data                            0x08001f8d   Thumb Code    48  rak_spi_send_data.o(i.rak_send_data)
    rak_set_ipstatic                         0x08001fc9   Thumb Code    20  rak_spi_set_ipstatic.o(i.rak_set_ipstatic)
    rak_set_psk                              0x08001fdd   Thumb Code    20  rak_spi_psk.o(i.rak_set_psk)
    rak_socket                               0x08001ff1   Thumb Code   116  rak_spi_open_socket.o(i.rak_socket)
    rak_sys_init                             0x08002065   Thumb Code    40  rak_spi_sys_init.o(i.rak_sys_init)
    send_data                                0x0800208d   Thumb Code    74  rak_spi_send_data.o(i.send_data)
    spi_Read                                 0x080020dd   Thumb Code    64  rak411_api.o(i.spi_Read)
    spi_recv_data                            0x08002125   Thumb Code    26  rak411_api.o(i.spi_recv_data)
    spi_send                                 0x08002141   Thumb Code    64  rak411_api.o(i.spi_send)
    spi_send_data                            0x08002189   Thumb Code    26  rak411_api.o(i.spi_send_data)
    spi_send_head                            0x080021a3   Thumb Code    68  rak411_api.o(i.spi_send_head)
    APBAHBPrescTable                         0x080021e6   Data          16  stm32f4xx_hal_rcc.o(.constdata)
    __ctype_table                            0x080021f6   Data         129  ctype_o.o(.constdata)
    Region$$Table$$Base                      0x0800227c   Number         0  anon$$obj.o(Region$$Table)
    Region$$Table$$Limit                     0x0800229c   Number         0  anon$$obj.o(Region$$Table)
    uwTick                                   0x20000000   Data           4  stm32f4xx_hal.o(.data)
    DIST_IP                                  0x20000008   Data           4  main.o(.data)
    rak_strIntStatus                         0x2000000c   Data           5  main.o(.data)
    SystemCoreClock                          0x20000014   Data           4  system_stm32f4xx.o(.data)
    AHBPrescTable                            0x20000018   Data          16  system_stm32f4xx.o(.data)
    rak_spiTimer1                            0x20000028   Data           4  rak411_api.o(.data)
    rak_spiTimer3                            0x2000002c   Data           4  rak411_api.o(.data)
    __stdout                                 0x20000030   Data           4  stdout.o(.data)
    tx_buffer                                0x20000038   Data        1400  main.o(.bss)
    UartHandle                               0x200005b0   Data          64  main.o(.bss)
    SpiHandle                                0x200005f0   Data          88  main.o(.bss)
    GPIO_InitStruct                          0x20000648   Data          20  main.o(.bss)
    rak_strapi                               0x2000065c   Data         608  init_wifi_module.o(.bss)
    uCmdRspFrame                             0x200008bc   Data        1452  init_wifi_module.o(.bss)
    SendFrame                                0x20000e68   Data        1416  rak_spi_send_data.o(.bss)
    __initial_sp                             0x200017f0   Data           0  startup_stm32f411xe.o(STACK)



==============================================================================

Memory Map of the image

  Image Entry point : 0x08000199

  Load Region LR_IROM1 (Base: 0x08000000, Size: 0x000022d4, Max: 0x00080000, ABSOLUTE)

    Execution Region ER_IROM1 (Base: 0x08000000, Size: 0x0000229c, Max: 0x00080000, ABSOLUTE)

    Base Addr    Size         Type   Attr      Idx    E Section Name        Object

    0x08000000   0x00000198   Data   RO            3    RESET               startup_stm32f411xe.o
    0x08000198   0x00000000   Code   RO         3178  * .ARM.Collect$$$$00000000  mc_w.l(entry.o)
    0x08000198   0x00000004   Code   RO         3452    .ARM.Collect$$$$00000001  mc_w.l(entry2.o)
    0x0800019c   0x00000004   Code   RO         3455    .ARM.Collect$$$$00000004  mc_w.l(entry5.o)
    0x080001a0   0x00000000   Code   RO         3457    .ARM.Collect$$$$00000008  mc_w.l(entry7b.o)
    0x080001a0   0x00000000   Code   RO         3459    .ARM.Collect$$$$0000000A  mc_w.l(entry8b.o)
    0x080001a0   0x00000008   Code   RO         3460    .ARM.Collect$$$$0000000B  mc_w.l(entry9a.o)
    0x080001a8   0x00000000   Code   RO         3462    .ARM.Collect$$$$0000000D  mc_w.l(entry10a.o)
    0x080001a8   0x00000000   Code   RO         3464    .ARM.Collect$$$$0000000F  mc_w.l(entry11a.o)
    0x080001a8   0x00000004   Code   RO         3453    .ARM.Collect$$$$00002712  mc_w.l(entry2.o)
    0x080001ac   0x00000024   Code   RO            4    .text               startup_stm32f411xe.o
    0x080001d0   0x00000024   Code   RO         3181    .text               mc_w.l(memcpya.o)
    0x080001f4   0x0000000e   Code   RO         3183    .text               mc_w.l(strlen.o)
    0x08000202   0x00000012   Code   RO         3185    .text               mc_w.l(strcpy.o)
    0x08000214   0x0000001a   Code   RO         3450    .text               mc_w.l(atoi.o)
    0x0800022e   0x00000070   Code   RO         3478    .text               mc_w.l(strtol.o)
    0x0800029e   0x00000002   PAD
    0x080002a0   0x00000024   Code   RO         3491    .text               mc_w.l(init.o)
    0x080002c4   0x00000008   Code   RO         3499    .text               mc_w.l(ctype_o.o)
    0x080002cc   0x0000009e   Code   RO         3527    .text               mc_w.l(_strtoul.o)
    0x0800036a   0x0000001c   Code   RO         3531    .text               mc_w.l(_chval.o)
    0x08000386   0x00000002   Code   RO         2127    i.BusFault_Handler  stm32f4xx_it.o
    0x08000388   0x00000002   Code   RO         2128    i.DebugMon_Handler  stm32f4xx_it.o
    0x0800038a   0x00000006   Code   RO         2129    i.EXTI9_5_IRQHandler  stm32f4xx_it.o
    0x08000390   0x00000002   Code   RO         1961    i.Error_Handler     main.o
    0x08000392   0x00000002   PAD
    0x08000394   0x000000c0   Code   RO         1962    i.GPIO_config       main.o
    0x08000454   0x00000002   Code   RO          950    i.HAL_GPIO_EXTI_Callback  stm32f4xx_hal_gpio.o
    0x08000456   0x00000002   PAD
    0x08000458   0x00000018   Code   RO          951    i.HAL_GPIO_EXTI_IRQHandler  stm32f4xx_hal_gpio.o
    0x08000470   0x00000188   Code   RO          952    i.HAL_GPIO_Init     stm32f4xx_hal_gpio.o
    0x080005f8   0x0000000a   Code   RO          954    i.HAL_GPIO_ReadPin  stm32f4xx_hal_gpio.o
    0x08000602   0x0000000a   Code   RO          956    i.HAL_GPIO_WritePin  stm32f4xx_hal_gpio.o
    0x0800060c   0x0000000c   Code   RO          294    i.HAL_GetTick       stm32f4xx_hal.o
    0x08000618   0x00000010   Code   RO          295    i.HAL_IncTick       stm32f4xx_hal.o
    0x08000628   0x00000034   Code   RO          296    i.HAL_Init          stm32f4xx_hal.o
    0x0800065c   0x00000028   Code   RO          297    i.HAL_InitTick      stm32f4xx_hal.o
    0x08000684   0x00000002   Code   RO          299    i.HAL_MspInit       stm32f4xx_hal.o
    0x08000686   0x00000016   Code   RO          833    i.HAL_NVIC_EnableIRQ  stm32f4xx_hal_cortex.o
    0x0800069c   0x00000040   Code   RO          839    i.HAL_NVIC_SetPriority  stm32f4xx_hal_cortex.o
    0x080006dc   0x00000024   Code   RO          840    i.HAL_NVIC_SetPriorityGrouping  stm32f4xx_hal_cortex.o
    0x08000700   0x0000017c   Code   RO         1126    i.HAL_RCC_ClockConfig  stm32f4xx_hal_rcc.o
    0x0800087c   0x00000030   Code   RO         1133    i.HAL_RCC_GetPCLK1Freq  stm32f4xx_hal_rcc.o
    0x080008ac   0x00000030   Code   RO         1134    i.HAL_RCC_GetPCLK2Freq  stm32f4xx_hal_rcc.o
    0x080008dc   0x00000074   Code   RO         1135    i.HAL_RCC_GetSysClockFreq  stm32f4xx_hal_rcc.o
    0x08000950   0x000002e4   Code   RO         1138    i.HAL_RCC_OscConfig  stm32f4xx_hal_rcc.o
    0x08000c34   0x0000008c   Code   RO         1600    i.HAL_SPI_Init      stm32f4xx_hal_spi.o
    0x08000cc0   0x00000090   Code   RO         2090    i.HAL_SPI_MspInit   stm32f4xx_hal_msp.o
    0x08000d50   0x0000026e   Code   RO         1609    i.HAL_SPI_TransmitReceive  stm32f4xx_hal_spi.o
    0x08000fbe   0x00000002   Code   RO          843    i.HAL_SYSTICK_Callback  stm32f4xx_hal_cortex.o
    0x08000fc0   0x00000028   Code   RO          844    i.HAL_SYSTICK_Config  stm32f4xx_hal_cortex.o
    0x08000fe8   0x00000008   Code   RO          845    i.HAL_SYSTICK_IRQHandler  stm32f4xx_hal_cortex.o
    0x08000ff0   0x00000062   Code   RO         1280    i.HAL_UART_Init     stm32f4xx_hal_uart.o
    0x08001052   0x00000002   PAD
    0x08001054   0x00000070   Code   RO         2092    i.HAL_UART_MspInit  stm32f4xx_hal_msp.o
    0x080010c4   0x000000ba   Code   RO         1288    i.HAL_UART_Transmit  stm32f4xx_hal_uart.o
    0x0800117e   0x00000002   Code   RO         2130    i.HardFault_Handler  stm32f4xx_it.o
    0x08001180   0x00000002   Code   RO         2131    i.MemManage_Handler  stm32f4xx_it.o
    0x08001182   0x00000002   Code   RO         2132    i.NMI_Handler       stm32f4xx_it.o
    0x08001184   0x00000020   Code   RO          846    i.NVIC_SetPriority  stm32f4xx_hal_cortex.o
    0x080011a4   0x00000002   Code   RO         2133    i.PendSV_Handler    stm32f4xx_it.o
    0x080011a6   0x00000002   PAD
    0x080011a8   0x0000004c   Code   RO         3113    i.RAK_SendCMD       rak411_api.o
    0x080011f4   0x00000020   Code   RO         1624    i.SPI_CheckFlag_BSY  stm32f4xx_hal_spi.o
    0x08001214   0x00000096   Code   RO         1642    i.SPI_WaitFlagStateUntilTimeout  stm32f4xx_hal_spi.o
    0x080012aa   0x00000002   PAD
    0x080012ac   0x00000040   Code   RO         1963    i.SPI_config        main.o
    0x080012ec   0x00000002   Code   RO         2134    i.SVC_Handler       stm32f4xx_it.o
    0x080012ee   0x00000004   Code   RO         1964    i.SYS_Delay         main.o
    0x080012f2   0x0000000e   Code   RO         2135    i.SysTick_Handler   stm32f4xx_it.o
    0x08001300   0x00000084   Code   RO         1965    i.SystemClock_Config  main.o
    0x08001384   0x00000054   Code   RO         2205    i.SystemInit        system_stm32f4xx.o
    0x080013d8   0x000002ac   Code   RO         1302    i.UART_SetConfig    stm32f4xx_hal_uart.o
    0x08001684   0x00000064   Code   RO         1304    i.UART_WaitOnFlagUntilTimeout  stm32f4xx_hal_uart.o
    0x080016e8   0x00000002   Code   RO         2136    i.UsageFault_Handler  stm32f4xx_it.o
    0x080016ea   0x00000002   PAD
    0x080016ec   0x00000020   Code   RO         3256    i.__0printf$2       mc_w.l(printf2.o)
    0x0800170c   0x00000008   Code   RO         3471    i.__aeabi_errno_addr  mc_w.l(errno.o)
    0x08001714   0x0000000e   Code   RO         3535    i.__scatterload_copy  mc_w.l(handlers.o)
    0x08001722   0x00000002   Code   RO         3536    i.__scatterload_null  mc_w.l(handlers.o)
    0x08001724   0x0000000e   Code   RO         3537    i.__scatterload_zeroinit  mc_w.l(handlers.o)
    0x08001732   0x000000d6   Code   RO         3263    i._printf_core      mc_w.l(printf2.o)
    0x08001808   0x00000016   Code   RO         1967    i.delay_ms          main.o
    0x0800181e   0x00000002   PAD
    0x08001820   0x00000034   Code   RO         1968    i.delay_us          main.o
    0x08001854   0x00000018   Code   RO         1969    i.fputc             main.o
    0x0800186c   0x00000018   Code   RO         3114    i.get_DataLen       rak411_api.o
    0x08001884   0x00000010   Code   RO         2818    i.get_status        rak_spi_read_status.o
    0x08001894   0x000001b4   Code   RO         2056    i.init_wifi_module  init_wifi_module.o
    0x08001a48   0x000000e0   Code   RO         1970    i.main              main.o
    0x08001b28   0x0000005a   Code   RO         2237    i.rak_asciiDotAddressTouint32  rak_config_init.o
    0x08001b82   0x00000002   PAD
    0x08001b84   0x00000024   Code   RO         2541    i.rak_checkDataFullIrq  rak_spi_interrupt.o
    0x08001ba8   0x00000018   Code   RO         2542    i.rak_checkPktIrq   rak_spi_interrupt.o
    0x08001bc0   0x00000010   Code   RO         2545    i.rak_clearPktIrq   rak_spi_interrupt.o
    0x08001bd0   0x00000014   Code   RO         2341    i.rak_connect       rak_spi_connect.o
    0x08001be4   0x00000012   Code   RO         2501    i.rak_get_version   rak_spi_get_version.o
    0x08001bf6   0x00000002   PAD
    0x08001bf8   0x0000023c   Code   RO         2240    i.rak_init_struct   rak_config_init.o
    0x08001e34   0x00000034   Code   RO         2585    i.rak_intHandler    rak_spi_interrupt_handler.o
    0x08001e68   0x00000016   Code   RO         2605    i.rak_ipconfig_dhcp  rak_spi_ipconfig_dhcp.o
    0x08001e7e   0x00000002   PAD
    0x08001e80   0x00000064   Code   RO         2645    i.rak_open_socket   rak_spi_open_socket.o
    0x08001ee4   0x0000004c   Code   RO         2778    i.rak_read_data     rak_spi_read_data.o
    0x08001f30   0x0000001c   Code   RO         2798    i.rak_read_packet   rak_spi_read_packet.o
    0x08001f4c   0x00000040   Code   RO         2819    i.rak_read_status   rak_spi_read_status.o
    0x08001f8c   0x0000003c   Code   RO         2884    i.rak_send_data     rak_spi_send_data.o
    0x08001fc8   0x00000014   Code   RO         2933    i.rak_set_ipstatic  rak_spi_set_ipstatic.o
    0x08001fdc   0x00000014   Code   RO         2738    i.rak_set_psk       rak_spi_psk.o
    0x08001ff0   0x00000074   Code   RO         2646    i.rak_socket        rak_spi_open_socket.o
    0x08002064   0x00000028   Code   RO         3073    i.rak_sys_init      rak_spi_sys_init.o
    0x0800208c   0x00000050   Code   RO         2885    i.send_data         rak_spi_send_data.o
    0x080020dc   0x00000048   Code   RO         3115    i.spi_Read          rak411_api.o
    0x08002124   0x0000001a   Code   RO         3116    i.spi_recv_data     rak411_api.o
    0x0800213e   0x00000002   PAD
    0x08002140   0x00000048   Code   RO         3117    i.spi_send          rak411_api.o
    0x08002188   0x0000001a   Code   RO         3118    i.spi_send_data     rak411_api.o
    0x080021a2   0x00000044   Code   RO         3119    i.spi_send_head     rak411_api.o
    0x080021e6   0x00000010   Data   RO         1139    .constdata          stm32f4xx_hal_rcc.o
    0x080021f6   0x00000081   Data   RO         3500    .constdata          mc_w.l(ctype_o.o)
    0x08002277   0x00000001   PAD
    0x08002278   0x00000004   Data   RO         3501    .constdata          mc_w.l(ctype_o.o)
    0x0800227c   0x00000020   Data   RO         3533    Region$$Table       anon$$obj.o


    Execution Region RW_IRAM1 (Base: 0x20000000, Size: 0x000017f0, Max: 0x00020000, ABSOLUTE)

    Base Addr    Size         Type   Attr      Idx    E Section Name        Object

    0x20000000   0x00000004   Data   RW          302    .data               stm32f4xx_hal.o
    0x20000004   0x00000008   Data   RW         1973    .data               main.o
    0x2000000c   0x00000005   Data   RW         1974    .data               main.o
    0x20000011   0x00000003   PAD
    0x20000014   0x00000014   Data   RW         2206    .data               system_stm32f4xx.o
    0x20000028   0x00000004   Data   RW         3122    .data               rak411_api.o
    0x2000002c   0x00000004   Data   RW         3124    .data               rak411_api.o
    0x20000030   0x00000004   Data   RW         3466    .data               mc_w.l(stdout.o)
    0x20000034   0x00000004   Data   RW         3474    .data               mc_w.l(errno.o)
    0x20000038   0x00000624   Zero   RW         1971    .bss                main.o
    0x2000065c   0x0000080c   Zero   RW         2057    .bss                init_wifi_module.o
    0x20000e68   0x00000588   Zero   RW         2886    .bss                rak_spi_send_data.o
    0x200013f0   0x00000400   Zero   RW            1    STACK               startup_stm32f411xe.o


==============================================================================

Image component sizes


      Code (inc. data)   RO Data    RW Data    ZI Data      Debug   Object Name

       436         86          0          0       2060      10246   init_wifi_module.o
       716         78          0         13       1572      15635   main.o
       364         26          0          8          0       5952   rak411_api.o
       662        164          0          0          0       2194   rak_config_init.o
        20          0          0          0          0       1074   rak_spi_connect.o
        18          0          0          0          0        614   rak_spi_get_version.o
        76         12          0          0          0       2247   rak_spi_interrupt.o
        52          6          0          0          0        681   rak_spi_interrupt_handler.o
        22          0          0          0          0        636   rak_spi_ipconfig_dhcp.o
       216         34          0          0          0       1723   rak_spi_open_socket.o
        20          0          0          0          0       1034   rak_spi_psk.o
        76          8          0          0          0       1236   rak_spi_read_data.o
        28          4          0          0          0       1130   rak_spi_read_packet.o
        80         10          0          0          0       1787   rak_spi_read_status.o
       140         18          0          0       1416       2388   rak_spi_send_data.o
        20          0          0          0          0       1087   rak_spi_set_ipstatic.o
        40          0          0          0          0       1091   rak_spi_sys_init.o
        36          8        408          0       1024        892   startup_stm32f411xe.o
       122         22          0          4          0       4373   stm32f4xx_hal.o
       204         14          0          0          0      31463   stm32f4xx_hal_cortex.o
       438         40          0          0          0       4507   stm32f4xx_hal_gpio.o
       256         18          0          0          0       1893   stm32f4xx_hal_msp.o
      1332         74         16          0          0       5647   stm32f4xx_hal_rcc.o
       944          0          0          0          0       4625   stm32f4xx_hal_spi.o
      1068          8          0          0          0       4244   stm32f4xx_hal_uart.o
        36          0          0          0          0       5055   stm32f4xx_it.o
         0          0          0          0          0     193780   stm32f4xx_nucleo.o
        84         18          0         20          0       1237   system_stm32f4xx.o

    ----------------------------------------------------------------------
      7528        648        456         48       6072     308471   Object Totals
         0          0         32          0          0          0   (incl. Generated)
        22          0          0          3          0          0   (incl. Padding)

    ----------------------------------------------------------------------

      Code (inc. data)   RO Data    RW Data    ZI Data      Debug   Library Member Name

        28          0          0          0          0         68   _chval.o
       158          0          0          0          0         92   _strtoul.o
        26          0          0          0          0         80   atoi.o
         8          4        133          0          0         68   ctype_o.o
         0          0          0          0          0          0   entry.o
         0          0          0          0          0          0   entry10a.o
         0          0          0          0          0          0   entry11a.o
         8          4          0          0          0          0   entry2.o
         4          0          0          0          0          0   entry5.o
         0          0          0          0          0          0   entry7b.o
         0          0          0          0          0          0   entry8b.o
         8          4          0          0          0          0   entry9a.o
         8          4          0          4          0         68   errno.o
        30          0          0          0          0          0   handlers.o
        36          8          0          0          0         68   init.o
        36          0          0          0          0         68   memcpya.o
       246         10          0          0          0        176   printf2.o
         0          0          0          4          0          0   stdout.o
        18          0          0          0          0         68   strcpy.o
        14          0          0          0          0         68   strlen.o
       112          0          0          0          0         88   strtol.o

    ----------------------------------------------------------------------
       742         34        134          8          0        912   Library Totals
         2          0          1          0          0          0   (incl. Padding)

    ----------------------------------------------------------------------

      Code (inc. data)   RO Data    RW Data    ZI Data      Debug   Library Name

       740         34        133          8          0        912   mc_w.l

    ----------------------------------------------------------------------
       742         34        134          8          0        912   Library Totals

    ----------------------------------------------------------------------

==============================================================================


      Code (inc. data)   RO Data    RW Data    ZI Data      Debug   

      8270        682        590         56       6072     301823   Grand Totals
      8270        682        590         56       6072     301823   ELF Image Totals
      8270        682        590         56          0          0   ROM Totals

==============================================================================

    Total RO  Size (Code + RO Data)                 8860 (   8.65kB)
    Total RW  Size (RW Data + ZI Data)              6128 (   5.98kB)
    Total ROM Size (Code + RO Data + RW Data)       8916 (   8.71kB)

==============================================================================

